Archive member included to satisfy reference by file (symbol)

/Applications/STM32CubeIDE.app/Contents/Eclipse/plugins/com.st.stm32cube.ide.mcu.externaltools.gnu-tools-for-stm32.10.3-2021.10.macos64_1.0.0.202111181127/tools/bin/../lib/gcc/arm-none-eabi/10.3.1/../../../../arm-none-eabi/lib/thumb/v7e-m+fp/hard/libc_nano.a(lib_a-exit.o)
                              /Applications/STM32CubeIDE.app/Contents/Eclipse/plugins/com.st.stm32cube.ide.mcu.externaltools.gnu-tools-for-stm32.10.3-2021.10.macos64_1.0.0.202111181127/tools/bin/../lib/gcc/arm-none-eabi/10.3.1/../../../../arm-none-eabi/lib/thumb/v7e-m+fp/hard/crt0.o (exit)
/Applications/STM32CubeIDE.app/Contents/Eclipse/plugins/com.st.stm32cube.ide.mcu.externaltools.gnu-tools-for-stm32.10.3-2021.10.macos64_1.0.0.202111181127/tools/bin/../lib/gcc/arm-none-eabi/10.3.1/../../../../arm-none-eabi/lib/thumb/v7e-m+fp/hard/libc_nano.a(lib_a-impure.o)
                              /Applications/STM32CubeIDE.app/Contents/Eclipse/plugins/com.st.stm32cube.ide.mcu.externaltools.gnu-tools-for-stm32.10.3-2021.10.macos64_1.0.0.202111181127/tools/bin/../lib/gcc/arm-none-eabi/10.3.1/../../../../arm-none-eabi/lib/thumb/v7e-m+fp/hard/libc_nano.a(lib_a-exit.o) (_global_impure_ptr)
/Applications/STM32CubeIDE.app/Contents/Eclipse/plugins/com.st.stm32cube.ide.mcu.externaltools.gnu-tools-for-stm32.10.3-2021.10.macos64_1.0.0.202111181127/tools/bin/../lib/gcc/arm-none-eabi/10.3.1/../../../../arm-none-eabi/lib/thumb/v7e-m+fp/hard/libc_nano.a(lib_a-init.o)
                              /Applications/STM32CubeIDE.app/Contents/Eclipse/plugins/com.st.stm32cube.ide.mcu.externaltools.gnu-tools-for-stm32.10.3-2021.10.macos64_1.0.0.202111181127/tools/bin/../lib/gcc/arm-none-eabi/10.3.1/../../../../arm-none-eabi/lib/thumb/v7e-m+fp/hard/crt0.o (__libc_init_array)
/Applications/STM32CubeIDE.app/Contents/Eclipse/plugins/com.st.stm32cube.ide.mcu.externaltools.gnu-tools-for-stm32.10.3-2021.10.macos64_1.0.0.202111181127/tools/bin/../lib/gcc/arm-none-eabi/10.3.1/../../../../arm-none-eabi/lib/thumb/v7e-m+fp/hard/libc_nano.a(lib_a-memcpy-stub.o)
                              ./Core/Src/vl53l1_platform.o (memcpy)
/Applications/STM32CubeIDE.app/Contents/Eclipse/plugins/com.st.stm32cube.ide.mcu.externaltools.gnu-tools-for-stm32.10.3-2021.10.macos64_1.0.0.202111181127/tools/bin/../lib/gcc/arm-none-eabi/10.3.1/../../../../arm-none-eabi/lib/thumb/v7e-m+fp/hard/libc_nano.a(lib_a-memset.o)
                              /Applications/STM32CubeIDE.app/Contents/Eclipse/plugins/com.st.stm32cube.ide.mcu.externaltools.gnu-tools-for-stm32.10.3-2021.10.macos64_1.0.0.202111181127/tools/bin/../lib/gcc/arm-none-eabi/10.3.1/../../../../arm-none-eabi/lib/thumb/v7e-m+fp/hard/crt0.o (memset)
/Applications/STM32CubeIDE.app/Contents/Eclipse/plugins/com.st.stm32cube.ide.mcu.externaltools.gnu-tools-for-stm32.10.3-2021.10.macos64_1.0.0.202111181127/tools/bin/../lib/gcc/arm-none-eabi/10.3.1/../../../../arm-none-eabi/lib/thumb/v7e-m+fp/hard/libc_nano.a(lib_a-sprintf.o)
                              ./Core/Src/main.o (sprintf)
/Applications/STM32CubeIDE.app/Contents/Eclipse/plugins/com.st.stm32cube.ide.mcu.externaltools.gnu-tools-for-stm32.10.3-2021.10.macos64_1.0.0.202111181127/tools/bin/../lib/gcc/arm-none-eabi/10.3.1/../../../../arm-none-eabi/lib/thumb/v7e-m+fp/hard/libc_nano.a(lib_a-strlen.o)
                              ./Core/Src/FLASH_SECTOR_F4.o (strlen)
/Applications/STM32CubeIDE.app/Contents/Eclipse/plugins/com.st.stm32cube.ide.mcu.externaltools.gnu-tools-for-stm32.10.3-2021.10.macos64_1.0.0.202111181127/tools/bin/../lib/gcc/arm-none-eabi/10.3.1/../../../../arm-none-eabi/lib/thumb/v7e-m+fp/hard/libc_nano.a(lib_a-nano-svfprintf.o)
                              /Applications/STM32CubeIDE.app/Contents/Eclipse/plugins/com.st.stm32cube.ide.mcu.externaltools.gnu-tools-for-stm32.10.3-2021.10.macos64_1.0.0.202111181127/tools/bin/../lib/gcc/arm-none-eabi/10.3.1/../../../../arm-none-eabi/lib/thumb/v7e-m+fp/hard/libc_nano.a(lib_a-sprintf.o) (_svfprintf_r)
/Applications/STM32CubeIDE.app/Contents/Eclipse/plugins/com.st.stm32cube.ide.mcu.externaltools.gnu-tools-for-stm32.10.3-2021.10.macos64_1.0.0.202111181127/tools/bin/../lib/gcc/arm-none-eabi/10.3.1/../../../../arm-none-eabi/lib/thumb/v7e-m+fp/hard/libc_nano.a(lib_a-nano-vfprintf_i.o)
                              /Applications/STM32CubeIDE.app/Contents/Eclipse/plugins/com.st.stm32cube.ide.mcu.externaltools.gnu-tools-for-stm32.10.3-2021.10.macos64_1.0.0.202111181127/tools/bin/../lib/gcc/arm-none-eabi/10.3.1/../../../../arm-none-eabi/lib/thumb/v7e-m+fp/hard/libc_nano.a(lib_a-nano-svfprintf.o) (_printf_i)
/Applications/STM32CubeIDE.app/Contents/Eclipse/plugins/com.st.stm32cube.ide.mcu.externaltools.gnu-tools-for-stm32.10.3-2021.10.macos64_1.0.0.202111181127/tools/bin/../lib/gcc/arm-none-eabi/10.3.1/../../../../arm-none-eabi/lib/thumb/v7e-m+fp/hard/libc_nano.a(lib_a-memchr.o)
[...]
Memory Configuration

Name             Origin             Length             Attributes
RAM              0x0000000020000000 0x0000000000010000 xrw
FLASH            0x0000000008000000 0x0000000000040000 xr
*default*        0x0000000000000000 0xffffffffffffffff

Linker script and memory map

LOAD /Applications/STM32CubeIDE.app/Contents/Eclipse/plugins/com.st.stm32cube.ide.mcu.externaltools.gnu-tools-for-stm32.10.3-2021.10.macos64_1.0.0.202111181127/tools/bin/../lib/gcc/arm-none-eabi/10.3.1/thumb/v7e-m+fp/hard/crti.o
LOAD /Applications/STM32CubeIDE.app/Contents/Eclipse/plugins/com.st.stm32cube.ide.mcu.externaltools.gnu-tools-for-stm32.10.3-2021.10.macos64_1.0.0.202111181127/tools/bin/../lib/gcc/arm-none-eabi/10.3.1/thumb/v7e-m+fp/hard/crtbegin.o
LOAD /Applications/STM32CubeIDE.app/Contents/Eclipse/plugins/com.st.stm32cube.ide.mcu.externaltools.gnu-tools-for-stm32.10.3-2021.10.macos64_1.0.0.202111181127/tools/bin/../lib/gcc/arm-none-eabi/10.3.1/../../../../arm-none-eabi/lib/thumb/v7e-m+fp/hard/crt0.o
LOAD ./Core/Src/FLASH_SECTOR_F4.o
LOAD ./Core/Src/VL53L1X.o
LOAD ./Core/Src/VL53L1X_api.o
LOAD ./Core/Src/VL53L1X_calibration.o
LOAD ./Core/Src/main.o
LOAD ./Core/Src/stm32f4xx_hal_msp.o
LOAD ./Core/Src/stm32f4xx_it.o
LOAD ./Core/Src/system_stm32f4xx.o
LOAD ./Core/Src/vl53l1_platform.o
LOAD ./Core/Startup/startup_stm32f401rctx.o
LOAD ./Drivers/NRF24/MY_NRF24.o
LOAD ./Drivers/NRF24_v2/NRF24L01.o
LOAD ./Drivers/OLED/ssd1306.o
LOAD ./Drivers/OLED/ssd1306_fonts.o
LOAD ./Drivers/STM32F4xx_HAL_Driver/Src/stm32f4xx_hal.o
LOAD ./Drivers/STM32F4xx_HAL_Driver/Src/stm32f4xx_hal_cortex.o
LOAD ./Drivers/STM32F4xx_HAL_Driver/Src/stm32f4xx_hal_dma.o
LOAD ./Drivers/STM32F4xx_HAL_Driver/Src/stm32f4xx_hal_dma_ex.o
LOAD ./Drivers/STM32F4xx_HAL_Driver/Src/stm32f4xx_hal_exti.o
LOAD ./Drivers/STM32F4xx_HAL_Driver/Src/stm32f4xx_hal_flash.o
LOAD ./Drivers/STM32F4xx_HAL_Driver/Src/stm32f4xx_hal_flash_ex.o
LOAD ./Drivers/STM32F4xx_HAL_Driver/Src/stm32f4xx_hal_flash_ramfunc.o
LOAD ./Drivers/STM32F4xx_HAL_Driver/Src/stm32f4xx_hal_gpio.o
LOAD ./Drivers/STM32F4xx_HAL_Driver/Src/stm32f4xx_hal_i2c.o
LOAD ./Drivers/STM32F4xx_HAL_Driver/Src/stm32f4xx_hal_i2c_ex.o
LOAD ./Drivers/STM32F4xx_HAL_Driver/Src/stm32f4xx_hal_pwr.o
LOAD ./Drivers/STM32F4xx_HAL_Driver/Src/stm32f4xx_hal_pwr_ex.o
LOAD ./Drivers/STM32F4xx_HAL_Driver/Src/stm32f4xx_hal_rcc.o
LOAD ./Drivers/STM32F4xx_HAL_Driver/Src/stm32f4xx_hal_rcc_ex.o
LOAD ./Drivers/STM32F4xx_HAL_Driver/Src/stm32f4xx_hal_spi.o
LOAD ./Drivers/STM32F4xx_HAL_Driver/Src/stm32f4xx_hal_tim.o
LOAD ./Drivers/STM32F4xx_HAL_Driver/Src/stm32f4xx_hal_tim_ex.o
LOAD ./Drivers/STM32F4xx_HAL_Driver/Src/stm32f4xx_hal_uart.o
START GROUP
LOAD /Applications/STM32CubeIDE.app/Contents/Eclipse/plugins/com.st.stm32cube.ide.mcu.externaltools.gnu-tools-for-stm32.10.3-2021.10.macos64_1.0.0.202111181127/tools/bin/../lib/gcc/arm-none-eabi/10.3.1/../../../../arm-none-eabi/lib/thumb/v7e-m+fp/hard/libc_nano.a
LOAD /Applications/STM32CubeIDE.app/Contents/Eclipse/plugins/com.st.stm32cube.ide.mcu.externaltools.gnu-tools-for-stm32.10.3-2021.10.macos64_1.0.0.202111181127/tools/bin/../lib/gcc/arm-none-eabi/10.3.1/../../../../arm-none-eabi/lib/thumb/v7e-m+fp/hard/libm.a
END GROUP
START GROUP
LOAD /Applications/STM32CubeIDE.app/Contents/Eclipse/plugins/com.st.stm32cube.ide.mcu.externaltools.gnu-tools-for-stm32.10.3-2021.10.macos64_1.0.0.202111181127/tools/bin/../lib/gcc/arm-none-eabi/10.3.1/thumb/v7e-m+fp/hard/libgcc.a
LOAD /Applications/STM32CubeIDE.app/Contents/Eclipse/plugins/com.st.stm32cube.ide.mcu.externaltools.gnu-tools-for-stm32.10.3-2021.10.macos64_1.0.0.202111181127/tools/bin/../lib/gcc/arm-none-eabi/10.3.1/../../../../arm-none-eabi/lib/thumb/v7e-m+fp/hard/libc_nano.a
END GROUP
START GROUP
LOAD /Applications/STM32CubeIDE.app/Contents/Eclipse/plugins/com.st.stm32cube.ide.mcu.externaltools.gnu-tools-for-stm32.10.3-2021.10.macos64_1.0.0.202111181127/tools/bin/../lib/gcc/arm-none-eabi/10.3.1/thumb/v7e-m+fp/hard/libgcc.a
LOAD /Applications/STM32CubeIDE.app/Contents/Eclipse/plugins/com.st.stm32cube.ide.mcu.externaltools.gnu-tools-for-stm32.10.3-2021.10.macos64_1.0.0.202111181127/tools/bin/../lib/gcc/arm-none-eabi/10.3.1/../../../../arm-none-eabi/lib/thumb/v7e-m+fp/hard/libc_nano.a
LOAD /Applications/STM32CubeIDE.app/Contents/Eclipse/plugins/com.st.stm32cube.ide.mcu.externaltools.gnu-tools-for-stm32.10.3-2021.10.macos64_1.0.0.202111181127/tools/bin/../lib/gcc/arm-none-eabi/10.3.1/../../../../arm-none-eabi/lib/thumb/v7e-m+fp/hard/libnosys.a
END GROUP
START GROUP
LOAD /Applications/STM32CubeIDE.app/Contents/Eclipse/plugins/com.st.stm32cube.ide.mcu.externaltools.gnu-tools-for-stm32.10.3-2021.10.macos64_1.0.0.202111181127/tools/bin/../lib/gcc/arm-none-eabi/10.3.1/thumb/v7e-m+fp/hard/libgcc.a
LOAD /Applications/STM32CubeIDE.app/Contents/Eclipse/plugins/com.st.stm32cube.ide.mcu.externaltools.gnu-tools-for-stm32.10.3-2021.10.macos64_1.0.0.202111181127/tools/bin/../lib/gcc/arm-none-eabi/10.3.1/../../../../arm-none-eabi/lib/thumb/v7e-m+fp/hard/libc_nano.a
LOAD /Applications/STM32CubeIDE.app/Contents/Eclipse/plugins/com.st.stm32cube.ide.mcu.externaltools.gnu-tools-for-stm32.10.3-2021.10.macos64_1.0.0.202111181127/tools/bin/../lib/gcc/arm-none-eabi/10.3.1/../../../../arm-none-eabi/lib/thumb/v7e-m+fp/hard/libnosys.a
END GROUP
LOAD /Applications/STM32CubeIDE.app/Contents/Eclipse/plugins/com.st.stm32cube.ide.mcu.externaltools.gnu-tools-for-stm32.10.3-2021.10.macos64_1.0.0.202111181127/tools/bin/../lib/gcc/arm-none-eabi/10.3.1/thumb/v7e-m+fp/hard/crtend.o
LOAD /Applications/STM32CubeIDE.app/Contents/Eclipse/plugins/com.st.stm32cube.ide.mcu.externaltools.gnu-tools-for-stm32.10.3-2021.10.macos64_1.0.0.202111181127/tools/bin/../lib/gcc/arm-none-eabi/10.3.1/thumb/v7e-m+fp/hard/crtn.o
                0x0000000020010000                _estack = (ORIGIN (RAM) + LENGTH (RAM))
                0x0000000000000200                _Min_Heap_Size = 0x200
                0x0000000000000400                _Min_Stack_Size = 0x400

.isr_vector     0x0000000008000000      0x194
                0x0000000008000000                . = ALIGN (0x4)
 *(.isr_vector)
 .isr_vector    0x0000000008000000      0x194 ./Core/Startup/startup_stm32f401rctx.o
                0x0000000008000000                g_pfnVectors
                0x0000000008000194                . = ALIGN (0x4)

.text           0x00000000080001a0     0x5374
                0x00000000080001a0                . = ALIGN (0x4)
 *(.text)
 .text          0x00000000080001a0       0x40 /Applications/STM32CubeIDE.app/Contents/Eclipse/plugins/com.st.stm32cube.ide.mcu.externaltools.gnu-tools-for-stm32.10.3-2021.10.macos64_1.0.0.202111181127/tools/bin/../lib/gcc/arm-none-eabi/10.3.1/thumb/v7e-m+fp/hard/crtbegin.o
 .text          0x00000000080001e0       0x10 /Applications/STM32CubeIDE.app/Contents/Eclipse/plugins/com.st.stm32cube.ide.mcu.externaltools.gnu-tools-for-stm32.10.3-2021.10.macos64_1.0.0.202111181127/tools/bin/../lib/gcc/arm-none-eabi/10.3.1/../../../../arm-none-eabi/lib/thumb/v7e-m+fp/hard/libc_nano.a(lib_a-strlen.o)
                0x00000000080001e0                strlen
 .text          0x00000000080001f0       0xa0 /Applications/STM32CubeIDE.app/Contents/Eclipse/plugins/com.st.stm32cube.ide.mcu.externaltools.gnu-tools-for-stm32.10.3-2021.10.macos64_1.0.0.202111181127/tools/bin/../lib/gcc/arm-none-eabi/10.3.1/../../../../arm-none-eabi/lib/thumb/v7e-m+fp/hard/libc_nano.a(lib_a-memchr.o)
                0x00000000080001f0                memchr
 .text          0x0000000008000290       0x30 /Applications/STM32CubeIDE.app/Contents/Eclipse/plugins/com.st.stm32cube.ide.mcu.externaltools.gnu-tools-for-stm32.10.3-2021.10.macos64_1.0.0.202111181127/tools/bin/../lib/gcc/arm-none-eabi/10.3.1/thumb/v7e-m+fp/hard/libgcc.a(_aeabi_uldivmod.o)
                0x0000000008000290                __aeabi_uldivmod
 .text          0x00000000080002c0      0x2d0 /Applications/STM32CubeIDE.app/Contents/Eclipse/plugins/com.st.stm32cube.ide.mcu.externaltools.gnu-tools-for-stm32.10.3-2021.10.macos64_1.0.0.202111181127/tools/bin/../lib/gcc/arm-none-eabi/10.3.1/thumb/v7e-m+fp/hard/libgcc.a(_udivmoddi4.o)
                0x00000000080002c0                __udivmoddi4
 .text          0x0000000008000590        0x4 /Applications/STM32CubeIDE.app/Contents/Eclipse/plugins/com.st.stm32cube.ide.mcu.externaltools.gnu-tools-for-stm32.10.3-2021.10.macos64_1.0.0.202111181127/tools/bin/../lib/gcc/arm-none-eabi/10.3.1/thumb/v7e-m+fp/hard/libgcc.a(_dvmd_tls.o)
                0x0000000008000590                __aeabi_ldiv0
                0x0000000008000590                __aeabi_idiv0
 *(.text*)
 .text.TOF_InitStruct
                0x0000000008000594       0x34 ./Core/Src/VL53L1X.o
                0x0000000008000594                TOF_InitStruct
 .text.TOF_TurnOn
                0x00000000080005c8       0x2c ./Core/Src/VL53L1X.o
                0x00000000080005c8                TOF_TurnOn
 .text.TOF_TurnOff
                0x00000000080005f4       0x2c ./Core/Src/VL53L1X.o
                0x00000000080005f4                TOF_TurnOff
 .text.TOF_BootMultipleSensors
                0x0000000008000620       0x5e ./Core/Src/VL53L1X.o
                0x0000000008000620                TOF_BootMultipleSensors
 *fill*         0x000000000800067e        0x2 
 .text.TOF_BootSensor
                0x0000000008000680       0x94 ./Core/Src/VL53L1X.o
                0x0000000008000680                TOF_BootSensor
 .text.VL53L1X_SetI2CAddress
                0x0000000008000714       0x36 ./Core/Src/VL53L1X_api.o
                0x0000000008000714                VL53L1X_SetI2CAddress
 *fill*         0x000000000800074a        0x2 
 .text.VL53L1X_SensorInit
                0x000000000800074c       0xd8 ./Core/Src/VL53L1X_api.o
                0x000000000800074c                VL53L1X_SensorInit
 .text.VL53L1X_ClearInterrupt
                0x0000000008000824       0x30 ./Core/Src/VL53L1X_api.o
                0x0000000008000824                VL53L1X_ClearInterrupt
 .text.VL53L1X_GetInterruptPolarity
                0x0000000008000854       0x54 ./Core/Src/VL53L1X_api.o
                0x0000000008000854                VL53L1X_GetInterruptPolarity
 .text.VL53L1X_StartRanging
                0x00000000080008a8       0x30 ./Core/Src/VL53L1X_api.o
                0x00000000080008a8                VL53L1X_StartRanging
 .text.VL53L1X_StopRanging
                0x00000000080008d8       0x30 ./Core/Src/VL53L1X_api.o
                0x00000000080008d8                VL53L1X_StopRanging
 .text.VL53L1X_CheckForDataReady
                0x0000000008000908       0x6e ./Core/Src/VL53L1X_api.o
                0x0000000008000908                VL53L1X_CheckForDataReady
 .text.VL53L1X_GetSensorId
                0x0000000008000976       0x40 ./Core/Src/VL53L1X_api.o
                0x0000000008000976                VL53L1X_GetSensorId
 *fill*         0x00000000080009b6        0x2 
 .text.update_display
                0x00000000080009b8       0xf8 ./Core/Src/main.o
                0x00000000080009b8                update_display
 .text.main     0x0000000008000ab0      0x180 ./Core/Src/main.o
                0x0000000008000ab0                main
 .text.SystemClock_Config
                0x0000000008000c30       0xd4 ./Core/Src/main.o
                0x0000000008000c30                SystemClock_Config
 .text.MX_I2C3_Init
                0x0000000008000d04       0x5c ./Core/Src/main.o
 .text.MX_SPI2_Init
                0x0000000008000d60       0x6c ./Core/Src/main.o
 .text.MX_TIM10_Init
                0x0000000008000dcc       0x48 ./Core/Src/main.o
 .text.MX_USART2_UART_Init
                0x0000000008000e14       0x54 ./Core/Src/main.o
 .text.MX_USART6_UART_Init
                0x0000000008000e68       0x54 ./Core/Src/main.o
 .text.MX_GPIO_Init
                0x0000000008000ebc      0x11c ./Core/Src/main.o
 .text.Error_Handler
                0x0000000008000fd8        0xa ./Core/Src/main.o
                0x0000000008000fd8                Error_Handler
 *fill*         0x0000000008000fe2        0x2 
 .text.HAL_MspInit
                0x0000000008000fe4       0x50 ./Core/Src/stm32f4xx_hal_msp.o
                0x0000000008000fe4                HAL_MspInit
 .text.HAL_I2C_MspInit
                0x0000000008001034       0xd4 ./Core/Src/stm32f4xx_hal_msp.o
                0x0000000008001034                HAL_I2C_MspInit
 .text.HAL_SPI_MspInit
                0x0000000008001108       0xd0 ./Core/Src/stm32f4xx_hal_msp.o
                0x0000000008001108                HAL_SPI_MspInit
 .text.HAL_TIM_Base_MspInit
                0x00000000080011d8       0x44 ./Core/Src/stm32f4xx_hal_msp.o
                0x00000000080011d8                HAL_TIM_Base_MspInit
 .text.HAL_UART_MspInit
                0x000000000800121c       0xfc ./Core/Src/stm32f4xx_hal_msp.o
                0x000000000800121c                HAL_UART_MspInit
 .text.NMI_Handler
                0x0000000008001318        0x6 ./Core/Src/stm32f4xx_it.o
                0x0000000008001318                NMI_Handler
 .text.HardFault_Handler
                0x000000000800131e        0x6 ./Core/Src/stm32f4xx_it.o
                0x000000000800131e                HardFault_Handler
 .text.MemManage_Handler
                0x0000000008001324        0x6 ./Core/Src/stm32f4xx_it.o
                0x0000000008001324                MemManage_Handler
 .text.BusFault_Handler
                0x000000000800132a        0x6 ./Core/Src/stm32f4xx_it.o
                0x000000000800132a                BusFault_Handler
 .text.UsageFault_Handler
                0x0000000008001330        0x6 ./Core/Src/stm32f4xx_it.o
                0x0000000008001330                UsageFault_Handler
 .text.SVC_Handler
                0x0000000008001336        0xe ./Core/Src/stm32f4xx_it.o
                0x0000000008001336                SVC_Handler
 .text.DebugMon_Handler
                0x0000000008001344        0xe ./Core/Src/stm32f4xx_it.o
                0x0000000008001344                DebugMon_Handler
 .text.PendSV_Handler
                0x0000000008001352        0xe ./Core/Src/stm32f4xx_it.o
                0x0000000008001352                PendSV_Handler
 .text.SysTick_Handler
                0x0000000008001360        0xc ./Core/Src/stm32f4xx_it.o
                0x0000000008001360                SysTick_Handler
 .text.SystemInit
                0x000000000800136c       0x24 ./Core/Src/system_stm32f4xx.o
                0x000000000800136c                SystemInit
 .text._I2CWrite
                0x0000000008001390       0x3c ./Core/Src/vl53l1_platform.o
                0x0000000008001390                _I2CWrite
 .text._I2CRead
                0x00000000080013cc       0x3c ./Core/Src/vl53l1_platform.o
                0x00000000080013cc                _I2CRead
 .text.VL53L1_WrByte
                0x0000000008001408       0x58 ./Core/Src/vl53l1_platform.o
                0x0000000008001408                VL53L1_WrByte
 .text.VL53L1_RdByte
                0x0000000008001460       0x70 ./Core/Src/vl53l1_platform.o
                0x0000000008001460                VL53L1_RdByte
 .text.VL53L1_RdWord
                0x00000000080014d0       0x84 ./Core/Src/vl53l1_platform.o
                0x00000000080014d0                VL53L1_RdWord
 .text.Reset_Handler
                0x0000000008001554       0x50 ./Core/Startup/startup_stm32f401rctx.o
                0x0000000008001554                Reset_Handler
 .text.Default_Handler
                0x00000000080015a4        0x2 ./Core/Startup/startup_stm32f401rctx.o
                0x00000000080015a4                DMA1_Stream3_IRQHandler
                0x00000000080015a4                EXTI2_IRQHandler
                0x00000000080015a4                SPI4_IRQHandler
                0x00000000080015a4                TIM1_CC_IRQHandler
                0x00000000080015a4                DMA2_Stream5_IRQHandler
                0x00000000080015a4                DMA1_Stream5_IRQHandler
                0x00000000080015a4                PVD_IRQHandler
                0x00000000080015a4                SDIO_IRQHandler
                0x00000000080015a4                TAMP_STAMP_IRQHandler
                0x00000000080015a4                EXTI3_IRQHandler
                0x00000000080015a4                TIM1_UP_TIM10_IRQHandler
                0x00000000080015a4                I2C3_ER_IRQHandler
                0x00000000080015a4                EXTI0_IRQHandler
                0x00000000080015a4                I2C2_EV_IRQHandler
                0x00000000080015a4                DMA1_Stream2_IRQHandler
                0x00000000080015a4                FPU_IRQHandler
                0x00000000080015a4                DMA2_Stream2_IRQHandler
                0x00000000080015a4                SPI1_IRQHandler
                0x00000000080015a4                TIM1_BRK_TIM9_IRQHandler
                0x00000000080015a4                DMA2_Stream3_IRQHandler
                0x00000000080015a4                USART6_IRQHandler
                0x00000000080015a4                DMA2_Stream0_IRQHandler
                0x00000000080015a4                TIM4_IRQHandler
                0x00000000080015a4                I2C1_EV_IRQHandler
                0x00000000080015a4                DMA1_Stream6_IRQHandler
                0x00000000080015a4                DMA1_Stream1_IRQHandler
                0x00000000080015a4                TIM3_IRQHandler
                0x00000000080015a4                RCC_IRQHandler
                0x00000000080015a4                Default_Handler
                0x00000000080015a4                EXTI15_10_IRQHandler
                0x00000000080015a4                ADC_IRQHandler
                0x00000000080015a4                DMA1_Stream7_IRQHandler
                0x00000000080015a4                TIM5_IRQHandler
                0x00000000080015a4                DMA2_Stream7_IRQHandler
                0x00000000080015a4                I2C3_EV_IRQHandler
                0x00000000080015a4                EXTI9_5_IRQHandler
                0x00000000080015a4                RTC_WKUP_IRQHandler
                0x00000000080015a4                SPI2_IRQHandler
                0x00000000080015a4                DMA1_Stream0_IRQHandler
                0x00000000080015a4                EXTI4_IRQHandler
                0x00000000080015a4                WWDG_IRQHandler
                0x00000000080015a4                TIM2_IRQHandler
                0x00000000080015a4                OTG_FS_WKUP_IRQHandler
                0x00000000080015a4                TIM1_TRG_COM_TIM11_IRQHandler
                0x00000000080015a4                EXTI1_IRQHandler
                0x00000000080015a4                USART2_IRQHandler
                0x00000000080015a4                I2C2_ER_IRQHandler
                0x00000000080015a4                DMA2_Stream1_IRQHandler
                0x00000000080015a4                FLASH_IRQHandler
                0x00000000080015a4                DMA2_Stream4_IRQHandler
                0x00000000080015a4                USART1_IRQHandler
                0x00000000080015a4                OTG_FS_IRQHandler
                0x00000000080015a4                SPI3_IRQHandler
                0x00000000080015a4                DMA1_Stream4_IRQHandler
                0x00000000080015a4                I2C1_ER_IRQHandler
                0x00000000080015a4                DMA2_Stream6_IRQHandler
                0x00000000080015a4                RTC_Alarm_IRQHandler
 .text.ssd1306_Reset
                0x00000000080015a6        0xe ./Drivers/OLED/ssd1306.o
                0x00000000080015a6                ssd1306_Reset
 .text.ssd1306_WriteCommand
                0x00000000080015b4       0x30 ./Drivers/OLED/ssd1306.o
                0x00000000080015b4                ssd1306_WriteCommand
 .text.ssd1306_WriteData
                0x00000000080015e4       0x34 ./Drivers/OLED/ssd1306.o
                0x00000000080015e4                ssd1306_WriteData
 .text.ssd1306_Init
                0x0000000008001618       0xd4 ./Drivers/OLED/ssd1306.o
                0x0000000008001618                ssd1306_Init
 .text.ssd1306_Fill
                0x00000000080016ec       0x48 ./Drivers/OLED/ssd1306.o
                0x00000000080016ec                ssd1306_Fill
 .text.ssd1306_UpdateScreen
                0x0000000008001734       0x50 ./Drivers/OLED/ssd1306.o
                0x0000000008001734                ssd1306_UpdateScreen
 .text.ssd1306_DrawPixel
                0x0000000008001784       0xa8 ./Drivers/OLED/ssd1306.o
                0x0000000008001784                ssd1306_DrawPixel
 .text.ssd1306_WriteChar
                0x000000000800182c      0x110 ./Drivers/OLED/ssd1306.o
                0x000000000800182c                ssd1306_WriteChar
 .text.ssd1306_WriteString
                0x000000000800193c       0x4c ./Drivers/OLED/ssd1306.o
                0x000000000800193c                ssd1306_WriteString
 .text.ssd1306_SetCursor
                0x0000000008001988       0x30 ./Drivers/OLED/ssd1306.o
                0x0000000008001988                ssd1306_SetCursor
 .text.ssd1306_DrawBitmap
                0x00000000080019b8       0xb6 ./Drivers/OLED/ssd1306.o
                0x00000000080019b8                ssd1306_DrawBitmap
 .text.ssd1306_SetContrast
                0x0000000008001a6e       0x26 ./Drivers/OLED/ssd1306.o
                0x0000000008001a6e                ssd1306_SetContrast
 .text.ssd1306_SetDisplayOn
                0x0000000008001a94       0x3c ./Drivers/OLED/ssd1306.o
                0x0000000008001a94                ssd1306_SetDisplayOn
 .text.LogoAnimation
                0x0000000008001ad0      0x4c4 ./Drivers/OLED/ssd1306.o
                0x0000000008001ad0                LogoAnimation
 .text.HAL_Init
                0x0000000008001f94       0x44 ./Drivers/STM32F4xx_HAL_Driver/Src/stm32f4xx_hal.o
                0x0000000008001f94                HAL_Init
 .text.HAL_InitTick
                0x0000000008001fd8       0x60 ./Drivers/STM32F4xx_HAL_Driver/Src/stm32f4xx_hal.o
                0x0000000008001fd8                HAL_InitTick
 .text.HAL_IncTick
                0x0000000008002038       0x28 ./Drivers/STM32F4xx_HAL_Driver/Src/stm32f4xx_hal.o
                0x0000000008002038                HAL_IncTick
 .text.HAL_GetTick
                0x0000000008002060       0x18 ./Drivers/STM32F4xx_HAL_Driver/Src/stm32f4xx_hal.o
                0x0000000008002060                HAL_GetTick
 .text.HAL_Delay
                0x0000000008002078       0x48 ./Drivers/STM32F4xx_HAL_Driver/Src/stm32f4xx_hal.o
                0x0000000008002078                HAL_Delay
 .text.__NVIC_SetPriorityGrouping
                0x00000000080020c0       0x48 ./Drivers/STM32F4xx_HAL_Driver/Src/stm32f4xx_hal_cortex.o
 .text.__NVIC_GetPriorityGrouping
                0x0000000008002108       0x1c ./Drivers/STM32F4xx_HAL_Driver/Src/stm32f4xx_hal_cortex.o
 .text.__NVIC_SetPriority
                0x0000000008002124       0x54 ./Drivers/STM32F4xx_HAL_Driver/Src/stm32f4xx_hal_cortex.o
 .text.NVIC_EncodePriority
                0x0000000008002178       0x66 ./Drivers/STM32F4xx_HAL_Driver/Src/stm32f4xx_hal_cortex.o
 *fill*         0x00000000080021de        0x2 
 .text.SysTick_Config
                0x00000000080021e0       0x44 ./Drivers/STM32F4xx_HAL_Driver/Src/stm32f4xx_hal_cortex.o
 .text.HAL_NVIC_SetPriorityGrouping
                0x0000000008002224       0x16 ./Drivers/STM32F4xx_HAL_Driver/Src/stm32f4xx_hal_cortex.o
                0x0000000008002224                HAL_NVIC_SetPriorityGrouping
 .text.HAL_NVIC_SetPriority
                0x000000000800223a       0x38 ./Drivers/STM32F4xx_HAL_Driver/Src/stm32f4xx_hal_cortex.o
                0x000000000800223a                HAL_NVIC_SetPriority
 .text.HAL_SYSTICK_Config
                0x0000000008002272       0x18 ./Drivers/STM32F4xx_HAL_Driver/Src/stm32f4xx_hal_cortex.o
                0x0000000008002272                HAL_SYSTICK_Config
 *fill*         0x000000000800228a        0x2 
 .text.HAL_GPIO_Init
                0x000000000800228c      0x308 ./Drivers/STM32F4xx_HAL_Driver/Src/stm32f4xx_hal_gpio.o
                0x000000000800228c                HAL_GPIO_Init
 .text.HAL_GPIO_WritePin
                0x0000000008002594       0x32 ./Drivers/STM32F4xx_HAL_Driver/Src/stm32f4xx_hal_gpio.o
                0x0000000008002594                HAL_GPIO_WritePin
 *fill*         0x00000000080025c6        0x2 
 .text.HAL_I2C_Init
                0x00000000080025c8      0x288 ./Drivers/STM32F4xx_HAL_Driver/Src/stm32f4xx_hal_i2c.o
                0x00000000080025c8                HAL_I2C_Init
 .text.HAL_I2C_Master_Transmit
                0x0000000008002850      0x1fc ./Drivers/STM32F4xx_HAL_Driver/Src/stm32f4xx_hal_i2c.o
                0x0000000008002850                HAL_I2C_Master_Transmit
 .text.HAL_I2C_Master_Receive
                0x0000000008002a4c      0x44c ./Drivers/STM32F4xx_HAL_Driver/Src/stm32f4xx_hal_i2c.o
                0x0000000008002a4c                HAL_I2C_Master_Receive
 .text.HAL_I2C_Mem_Write
                0x0000000008002e98      0x1f4 ./Drivers/STM32F4xx_HAL_Driver/Src/stm32f4xx_hal_i2c.o
                0x0000000008002e98                HAL_I2C_Mem_Write
 .text.I2C_MasterRequestWrite
                0x000000000800308c      0x104 ./Drivers/STM32F4xx_HAL_Driver/Src/stm32f4xx_hal_i2c.o
 .text.I2C_MasterRequestRead
                0x0000000008003190      0x19c ./Drivers/STM32F4xx_HAL_Driver/Src/stm32f4xx_hal_i2c.o
 .text.I2C_RequestMemoryWrite
                0x000000000800332c      0x12c ./Drivers/STM32F4xx_HAL_Driver/Src/stm32f4xx_hal_i2c.o
 .text.I2C_WaitOnFlagUntilTimeout
                0x0000000008003458       0xae ./Drivers/STM32F4xx_HAL_Driver/Src/stm32f4xx_hal_i2c.o
 .text.I2C_WaitOnMasterAddressFlagUntilTimeout
                0x0000000008003506       0xfe ./Drivers/STM32F4xx_HAL_Driver/Src/stm32f4xx_hal_i2c.o
 .text.I2C_WaitOnTXEFlagUntilTimeout
                0x0000000008003604       0x82 ./Drivers/STM32F4xx_HAL_Driver/Src/stm32f4xx_hal_i2c.o
 .text.I2C_WaitOnBTFFlagUntilTimeout
                0x0000000008003686       0x82 ./Drivers/STM32F4xx_HAL_Driver/Src/stm32f4xx_hal_i2c.o
 .text.I2C_WaitOnRXNEFlagUntilTimeout
                0x0000000008003708       0xac ./Drivers/STM32F4xx_HAL_Driver/Src/stm32f4xx_hal_i2c.o
 .text.I2C_IsAcknowledgeFailed
                0x00000000080037b4       0x5e ./Drivers/STM32F4xx_HAL_Driver/Src/stm32f4xx_hal_i2c.o
 *fill*         0x0000000008003812        0x2 
 .text.HAL_RCC_OscConfig
                0x0000000008003814      0x4f0 ./Drivers/STM32F4xx_HAL_Driver/Src/stm32f4xx_hal_rcc.o
                0x0000000008003814                HAL_RCC_OscConfig
 .text.HAL_RCC_ClockConfig
                0x0000000008003d04      0x1cc ./Drivers/STM32F4xx_HAL_Driver/Src/stm32f4xx_hal_rcc.o
                0x0000000008003d04                HAL_RCC_ClockConfig
 .text.HAL_RCC_GetSysClockFreq
                0x0000000008003ed0      0x18c ./Drivers/STM32F4xx_HAL_Driver/Src/stm32f4xx_hal_rcc.o
                0x0000000008003ed0                HAL_RCC_GetSysClockFreq
 .text.HAL_RCC_GetHCLKFreq
                0x000000000800405c       0x18 ./Drivers/STM32F4xx_HAL_Driver/Src/stm32f4xx_hal_rcc.o
                0x000000000800405c                HAL_RCC_GetHCLKFreq
 .text.HAL_RCC_GetPCLK1Freq
                0x0000000008004074       0x28 ./Drivers/STM32F4xx_HAL_Driver/Src/stm32f4xx_hal_rcc.o
                0x0000000008004074                HAL_RCC_GetPCLK1Freq
 .text.HAL_RCC_GetPCLK2Freq
                0x000000000800409c       0x28 ./Drivers/STM32F4xx_HAL_Driver/Src/stm32f4xx_hal_rcc.o
                0x000000000800409c                HAL_RCC_GetPCLK2Freq
 .text.HAL_SPI_Init
                0x00000000080040c4      0x112 ./Drivers/STM32F4xx_HAL_Driver/Src/stm32f4xx_hal_spi.o
                0x00000000080040c4                HAL_SPI_Init
 .text.HAL_TIM_Base_Init
                0x00000000080041d6       0x9e ./Drivers/STM32F4xx_HAL_Driver/Src/stm32f4xx_hal_tim.o
                0x00000000080041d6                HAL_TIM_Base_Init
 .text.HAL_TIM_Base_Start
                0x0000000008004274       0xb4 ./Drivers/STM32F4xx_HAL_Driver/Src/stm32f4xx_hal_tim.o
                0x0000000008004274                HAL_TIM_Base_Start
 .text.TIM_Base_SetConfig
                0x0000000008004328      0x100 ./Drivers/STM32F4xx_HAL_Driver/Src/stm32f4xx_hal_tim.o
                0x0000000008004328                TIM_Base_SetConfig
 .text.HAL_UART_Init
                0x0000000008004428       0x9a ./Drivers/STM32F4xx_HAL_Driver/Src/stm32f4xx_hal_uart.o
                0x0000000008004428                HAL_UART_Init
 .text.HAL_UART_Transmit
                0x00000000080044c2      0x124 ./Drivers/STM32F4xx_HAL_Driver/Src/stm32f4xx_hal_uart.o
                0x00000000080044c2                HAL_UART_Transmit
 .text.UART_WaitOnFlagUntilTimeout
                0x00000000080045e6       0xdc ./Drivers/STM32F4xx_HAL_Driver/Src/stm32f4xx_hal_uart.o
 *fill*         0x00000000080046c2        0x2 
 .text.UART_SetConfig
                0x00000000080046c4      0x4e8 ./Drivers/STM32F4xx_HAL_Driver/Src/stm32f4xx_hal_uart.o
 .text.__libc_init_array
                0x0000000008004bac       0x48 /Applications/STM32CubeIDE.app/Contents/Eclipse/plugins/com.st.stm32cube.ide.mcu.externaltools.gnu-tools-for-stm32.10.3-2021.10.macos64_1.0.0.202111181127/tools/bin/../lib/gcc/arm-none-eabi/10.3.1/../../../../arm-none-eabi/lib/thumb/v7e-m+fp/hard/libc_nano.a(lib_a-init.o)
                0x0000000008004bac                __libc_init_array
 .text.memcpy   0x0000000008004bf4       0x1c /Applications/STM32CubeIDE.app/Contents/Eclipse/plugins/com.st.stm32cube.ide.mcu.externaltools.gnu-tools-for-stm32.10.3-2021.10.macos64_1.0.0.202111181127/tools/bin/../lib/gcc/arm-none-eabi/10.3.1/../../../../arm-none-eabi/lib/thumb/v7e-m+fp/hard/libc_nano.a(lib_a-memcpy-stub.o)
                0x0000000008004bf4                memcpy
 .text.memset   0x0000000008004c10       0x10 /Applications/STM32CubeIDE.app/Contents/Eclipse/plugins/com.st.stm32cube.ide.mcu.externaltools.gnu-tools-for-stm32.10.3-2021.10.macos64_1.0.0.202111181127/tools/bin/../lib/gcc/arm-none-eabi/10.3.1/../../../../arm-none-eabi/lib/thumb/v7e-m+fp/hard/libc_nano.a(lib_a-memset.o)
                0x0000000008004c10                memset
 .text.sprintf  0x0000000008004c20       0x40 /Applications/STM32CubeIDE.app/Contents/Eclipse/plugins/com.st.stm32cube.ide.mcu.externaltools.gnu-tools-for-stm32.10.3-2021.10.macos64_1.0.0.202111181127/tools/bin/../lib/gcc/arm-none-eabi/10.3.1/../../../../arm-none-eabi/lib/thumb/v7e-m+fp/hard/libc_nano.a(lib_a-sprintf.o)
                0x0000000008004c20                sprintf
                0x0000000008004c20                siprintf
 .text.__ssputs_r
                0x0000000008004c60       0xb6 /Applications/STM32CubeIDE.app/Contents/Eclipse/plugins/com.st.stm32cube.ide.mcu.externaltools.gnu-tools-for-stm32.10.3-2021.10.macos64_1.0.0.202111181127/tools/bin/../lib/gcc/arm-none-eabi/10.3.1/../../../../arm-none-eabi/lib/thumb/v7e-m+fp/hard/libc_nano.a(lib_a-nano-svfprintf.o)
                0x0000000008004c60                __ssputs_r
 *fill*         0x0000000008004d16        0x2 
 .text._svfprintf_r
                0x0000000008004d18      0x200 /Applications/STM32CubeIDE.app/Contents/Eclipse/plugins/com.st.stm32cube.ide.mcu.externaltools.gnu-tools-for-stm32.10.3-2021.10.macos64_1.0.0.202111181127/tools/bin/../lib/gcc/arm-none-eabi/10.3.1/../../../../arm-none-eabi/lib/thumb/v7e-m+fp/hard/libc_nano.a(lib_a-nano-svfprintf.o)
                0x0000000008004d18                _svfprintf_r
                0x0000000008004d18                _svfiprintf_r
 .text._printf_common
                0x0000000008004f18       0xda /Applications/STM32CubeIDE.app/Contents/Eclipse/plugins/com.st.stm32cube.ide.mcu.externaltools.gnu-tools-for-stm32.10.3-2021.10.macos64_1.0.0.202111181127/tools/bin/../lib/gcc/arm-none-eabi/10.3.1/../../../../arm-none-eabi/lib/thumb/v7e-m+fp/hard/libc_nano.a(lib_a-nano-vfprintf_i.o)
                0x0000000008004f18                _printf_common
 *fill*         0x0000000008004ff2        0x2 
 .text._printf_i
                0x0000000008004ff4      0x24c /Applications/STM32CubeIDE.app/Contents/Eclipse/plugins/com.st.stm32cube.ide.mcu.externaltools.gnu-tools-for-stm32.10.3-2021.10.macos64_1.0.0.202111181127/tools/bin/../lib/gcc/arm-none-eabi/10.3.1/../../../../arm-none-eabi/lib/thumb/v7e-m+fp/hard/libc_nano.a(lib_a-nano-vfprintf_i.o)
                0x0000000008004ff4                _printf_i
 .text.memmove  0x0000000008005240       0x34 /Applications/STM32CubeIDE.app/Contents/Eclipse/plugins/com.st.stm32cube.ide.mcu.externaltools.gnu-tools-for-stm32.10.3-2021.10.macos64_1.0.0.202111181127/tools/bin/../lib/gcc/arm-none-eabi/10.3.1/../../../../arm-none-eabi/lib/thumb/v7e-m+fp/hard/libc_nano.a(lib_a-memmove.o)
                0x0000000008005240                memmove
 .text._free_r  0x0000000008005274       0x98 /Applications/STM32CubeIDE.app/Contents/Eclipse/plugins/com.st.stm32cube.ide.mcu.externaltools.gnu-tools-for-stm32.10.3-2021.10.macos64_1.0.0.202111181127/tools/bin/../lib/gcc/arm-none-eabi/10.3.1/../../../../arm-none-eabi/lib/thumb/v7e-m+fp/hard/libc_nano.a(lib_a-nano-freer.o)
                0x0000000008005274                _free_r
 .text.sbrk_aligned
                0x000000000800530c       0x40 /Applications/STM32CubeIDE.app/Contents/Eclipse/plugins/com.st.stm32cube.ide.mcu.externaltools.gnu-tools-for-stm32.10.3-2021.10.macos64_1.0.0.202111181127/tools/bin/../lib/gcc/arm-none-eabi/10.3.1/../../../../arm-none-eabi/lib/thumb/v7e-m+fp/hard/libc_nano.a(lib_a-nano-mallocr.o)
 .text._malloc_r
                0x000000000800534c       0xe8 /Applications/STM32CubeIDE.app/Contents/Eclipse/plugins/com.st.stm32cube.ide.mcu.externaltools.gnu-tools-for-stm32.10.3-2021.10.macos64_1.0.0.202111181127/tools/bin/../lib/gcc/arm-none-eabi/10.3.1/../../../../arm-none-eabi/lib/thumb/v7e-m+fp/hard/libc_nano.a(lib_a-nano-mallocr.o)
                0x000000000800534c                _malloc_r
 .text._realloc_r
                0x0000000008005434       0x5e /Applications/STM32CubeIDE.app/Contents/Eclipse/plugins/com.st.stm32cube.ide.mcu.externaltools.gnu-tools-for-stm32.10.3-2021.10.macos64_1.0.0.202111181127/tools/bin/../lib/gcc/arm-none-eabi/10.3.1/../../../../arm-none-eabi/lib/thumb/v7e-m+fp/hard/libc_nano.a(lib_a-nano-reallocr.o)
                0x0000000008005434                _realloc_r
 *fill*         0x0000000008005492        0x2 
 .text._sbrk_r  0x0000000008005494       0x20 /Applications/STM32CubeIDE.app/Contents/Eclipse/plugins/com.st.stm32cube.ide.mcu.externaltools.gnu-tools-for-stm32.10.3-2021.10.macos64_1.0.0.202111181127/tools/bin/../lib/gcc/arm-none-eabi/10.3.1/../../../../arm-none-eabi/lib/thumb/v7e-m+fp/hard/libc_nano.a(lib_a-sbrkr.o)
                0x0000000008005494                _sbrk_r
 .text.__malloc_lock
                0x00000000080054b4        0xc /Applications/STM32CubeIDE.app/Contents/Eclipse/plugins/com.st.stm32cube.ide.mcu.externaltools.gnu-tools-for-stm32.10.3-2021.10.macos64_1.0.0.202111181127/tools/bin/../lib/gcc/arm-none-eabi/10.3.1/../../../../arm-none-eabi/lib/thumb/v7e-m+fp/hard/libc_nano.a(lib_a-mlock.o)
                0x00000000080054b4                __malloc_lock
 .text.__malloc_unlock
                0x00000000080054c0        0xc /Applications/STM32CubeIDE.app/Contents/Eclipse/plugins/com.st.stm32cube.ide.mcu.externaltools.gnu-tools-for-stm32.10.3-2021.10.macos64_1.0.0.202111181127/tools/bin/../lib/gcc/arm-none-eabi/10.3.1/../../../../arm-none-eabi/lib/thumb/v7e-m+fp/hard/libc_nano.a(lib_a-mlock.o)
                0x00000000080054c0                __malloc_unlock
 .text._malloc_usable_size_r
                0x00000000080054cc       0x10 /Applications/STM32CubeIDE.app/Contents/Eclipse/plugins/com.st.stm32cube.ide.mcu.externaltools.gnu-tools-for-stm32.10.3-2021.10.macos64_1.0.0.202111181127/tools/bin/../lib/gcc/arm-none-eabi/10.3.1/../../../../arm-none-eabi/lib/thumb/v7e-m+fp/hard/libc_nano.a(lib_a-nano-msizer.o)
                0x00000000080054cc                _malloc_usable_size_r
 .text.__retarget_lock_acquire_recursive
                0x00000000080054dc        0x2 /Applications/STM32CubeIDE.app/Contents/Eclipse/plugins/com.st.stm32cube.ide.mcu.externaltools.gnu-tools-for-stm32.10.3-2021.10.macos64_1.0.0.202111181127/tools/bin/../lib/gcc/arm-none-eabi/10.3.1/../../../../arm-none-eabi/lib/thumb/v7e-m+fp/hard/libc_nano.a(lib_a-lock.o)
                0x00000000080054dc                __retarget_lock_acquire_recursive
 .text.__retarget_lock_release_recursive
                0x00000000080054de        0x2 /Applications/STM32CubeIDE.app/Contents/Eclipse/plugins/com.st.stm32cube.ide.mcu.externaltools.gnu-tools-for-stm32.10.3-2021.10.macos64_1.0.0.202111181127/tools/bin/../lib/gcc/arm-none-eabi/10.3.1/../../../../arm-none-eabi/lib/thumb/v7e-m+fp/hard/libc_nano.a(lib_a-lock.o)
                0x00000000080054de                __retarget_lock_release_recursive
 .text._sbrk    0x00000000080054e0       0x1c /Applications/STM32CubeIDE.app/Contents/Eclipse/plugins/com.st.stm32cube.ide.mcu.externaltools.gnu-tools-for-stm32.10.3-2021.10.macos64_1.0.0.202111181127/tools/bin/../lib/gcc/arm-none-eabi/10.3.1/../../../../arm-none-eabi/lib/thumb/v7e-m+fp/hard/libnosys.a(sbrk.o)
                0x00000000080054e0                _sbrk
 *(.glue_7)
 .glue_7        0x00000000080054fc        0x0 linker stubs
 *(.glue_7t)
 .glue_7t       0x00000000080054fc        0x0 linker stubs
 *(.eh_frame)
 .eh_frame      0x00000000080054fc        0x0 /Applications/STM32CubeIDE.app/Contents/Eclipse/plugins/com.st.stm32cube.ide.mcu.externaltools.gnu-tools-for-stm32.10.3-2021.10.macos64_1.0.0.202111181127/tools/bin/../lib/gcc/arm-none-eabi/10.3.1/thumb/v7e-m+fp/hard/crtbegin.o
 *(.init)
 .init          0x00000000080054fc        0x4 /Applications/STM32CubeIDE.app/Contents/Eclipse/plugins/com.st.stm32cube.ide.mcu.externaltools.gnu-tools-for-stm32.10.3-2021.10.macos64_1.0.0.202111181127/tools/bin/../lib/gcc/arm-none-eabi/10.3.1/thumb/v7e-m+fp/hard/crti.o
                0x00000000080054fc                _init
 .init          0x0000000008005500        0x8 /Applications/STM32CubeIDE.app/Contents/Eclipse/plugins/com.st.stm32cube.ide.mcu.externaltools.gnu-tools-for-stm32.10.3-2021.10.macos64_1.0.0.202111181127/tools/bin/../lib/gcc/arm-none-eabi/10.3.1/thumb/v7e-m+fp/hard/crtn.o
 *(.fini)
 .fini          0x0000000008005508        0x4 /Applications/STM32CubeIDE.app/Contents/Eclipse/plugins/com.st.stm32cube.ide.mcu.externaltools.gnu-tools-for-stm32.10.3-2021.10.macos64_1.0.0.202111181127/tools/bin/../lib/gcc/arm-none-eabi/10.3.1/thumb/v7e-m+fp/hard/crti.o
                0x0000000008005508                _fini
 .fini          0x000000000800550c        0x8 /Applications/STM32CubeIDE.app/Contents/Eclipse/plugins/com.st.stm32cube.ide.mcu.externaltools.gnu-tools-for-stm32.10.3-2021.10.macos64_1.0.0.202111181127/tools/bin/../lib/gcc/arm-none-eabi/10.3.1/thumb/v7e-m+fp/hard/crtn.o
                0x0000000008005514                . = ALIGN (0x4)
                0x0000000008005514                _etext = .

.vfp11_veneer   0x0000000008005514        0x0
 .vfp11_veneer  0x0000000008005514        0x0 linker stubs

.v4_bx          0x0000000008005514        0x0
 .v4_bx         0x0000000008005514        0x0 linker stubs

.iplt           0x0000000008005514        0x0
 .iplt          0x0000000008005514        0x0 /Applications/STM32CubeIDE.app/Contents/Eclipse/plugins/com.st.stm32cube.ide.mcu.externaltools.gnu-tools-for-stm32.10.3-2021.10.macos64_1.0.0.202111181127/tools/bin/../lib/gcc/arm-none-eabi/10.3.1/thumb/v7e-m+fp/hard/crtbegin.o

.rodata         0x0000000008005514     0x80dc
                0x0000000008005514                . = ALIGN (0x4)
 *(.rodata)
 .rodata        0x0000000008005514       0xc8 ./Core/Src/main.o
 *(.rodata*)
 .rodata.VL51L1X_DEFAULT_CONFIGURATION
                0x00000000080055dc       0x5b ./Core/Src/VL53L1X_api.o
                0x00000000080055dc                VL51L1X_DEFAULT_CONFIGURATION
 *fill*         0x0000000008005637        0x1 
 .rodata.AHBPrescTable
                0x0000000008005638       0x10 ./Core/Src/system_stm32f4xx.o
                0x0000000008005638                AHBPrescTable
 .rodata.APBPrescTable
                0x0000000008005648        0x8 ./Core/Src/system_stm32f4xx.o
                0x0000000008005648                APBPrescTable
 .rodata.epd_bitmap_Komp_1_00000
                0x0000000008005650      0x400 ./Drivers/OLED/ssd1306.o
                0x0000000008005650                epd_bitmap_Komp_1_00000
 .rodata.epd_bitmap_Komp_1_00001
                0x0000000008005a50      0x400 ./Drivers/OLED/ssd1306.o
                0x0000000008005a50                epd_bitmap_Komp_1_00001
 .rodata.epd_bitmap_Komp_1_00002
                0x0000000008005e50      0x400 ./Drivers/OLED/ssd1306.o
                0x0000000008005e50                epd_bitmap_Komp_1_00002
 .rodata.epd_bitmap_Komp_1_00003
                0x0000000008006250      0x400 ./Drivers/OLED/ssd1306.o
                0x0000000008006250                epd_bitmap_Komp_1_00003
 .rodata.epd_bitmap_Komp_1_00004
                0x0000000008006650      0x400 ./Drivers/OLED/ssd1306.o
                0x0000000008006650                epd_bitmap_Komp_1_00004
 .rodata.epd_bitmap_Komp_1_00005
                0x0000000008006a50      0x400 ./Drivers/OLED/ssd1306.o
                0x0000000008006a50                epd_bitmap_Komp_1_00005
 .rodata.epd_bitmap_Komp_1_00006
                0x0000000008006e50      0x400 ./Drivers/OLED/ssd1306.o
                0x0000000008006e50                epd_bitmap_Komp_1_00006
 .rodata.epd_bitmap_Komp_1_00007
                0x0000000008007250      0x400 ./Drivers/OLED/ssd1306.o
                0x0000000008007250                epd_bitmap_Komp_1_00007
 .rodata.epd_bitmap_Komp_1_00008
                0x0000000008007650      0x400 ./Drivers/OLED/ssd1306.o
                0x0000000008007650                epd_bitmap_Komp_1_00008
 .rodata.epd_bitmap_Komp_1_00009
                0x0000000008007a50      0x400 ./Drivers/OLED/ssd1306.o
                0x0000000008007a50                epd_bitmap_Komp_1_00009
 .rodata.epd_bitmap_Komp_1_00010
                0x0000000008007e50      0x400 ./Drivers/OLED/ssd1306.o
                0x0000000008007e50                epd_bitmap_Komp_1_00010
 .rodata.epd_bitmap_Komp_1_00011
                0x0000000008008250      0x400 ./Drivers/OLED/ssd1306.o
                0x0000000008008250                epd_bitmap_Komp_1_00011
 .rodata.epd_bitmap_Komp_1_00012
                0x0000000008008650      0x400 ./Drivers/OLED/ssd1306.o
                0x0000000008008650                epd_bitmap_Komp_1_00012
 .rodata.epd_bitmap_Komp_1_00013
                0x0000000008008a50      0x400 ./Drivers/OLED/ssd1306.o
                0x0000000008008a50                epd_bitmap_Komp_1_00013
 .rodata.epd_bitmap_Komp_1_00014
                0x0000000008008e50      0x400 ./Drivers/OLED/ssd1306.o
                0x0000000008008e50                epd_bitmap_Komp_1_00014
 .rodata.epd_bitmap_Komp_1_00015
                0x0000000008009250      0x400 ./Drivers/OLED/ssd1306.o
                0x0000000008009250                epd_bitmap_Komp_1_00015
 .rodata.epd_bitmap_Komp_1_00016
                0x0000000008009650      0x400 ./Drivers/OLED/ssd1306.o
                0x0000000008009650                epd_bitmap_Komp_1_00016
 .rodata.epd_bitmap_Komp_1_00017
                0x0000000008009a50      0x400 ./Drivers/OLED/ssd1306.o
                0x0000000008009a50                epd_bitmap_Komp_1_00017
 .rodata.epd_bitmap_Komp_1_00018
                0x0000000008009e50      0x400 ./Drivers/OLED/ssd1306.o
                0x0000000008009e50                epd_bitmap_Komp_1_00018
 .rodata.epd_bitmap_Komp_1_00019
                0x000000000800a250      0x400 ./Drivers/OLED/ssd1306.o
                0x000000000800a250                epd_bitmap_Komp_1_00019
 .rodata.epd_bitmap_Komp_1_00020
                0x000000000800a650      0x400 ./Drivers/OLED/ssd1306.o
                0x000000000800a650                epd_bitmap_Komp_1_00020
 .rodata.epd_bitmap_Komp_1_00021
                0x000000000800aa50      0x400 ./Drivers/OLED/ssd1306.o
                0x000000000800aa50                epd_bitmap_Komp_1_00021
 .rodata.epd_bitmap_Komp_1_00022
                0x000000000800ae50      0x400 ./Drivers/OLED/ssd1306.o
                0x000000000800ae50                epd_bitmap_Komp_1_00022
 .rodata.epd_bitmap_Komp_1_00023
                0x000000000800b250      0x400 ./Drivers/OLED/ssd1306.o
                0x000000000800b250                epd_bitmap_Komp_1_00023
 .rodata.epd_bitmap_Komp_1_00024
                0x000000000800b650      0x400 ./Drivers/OLED/ssd1306.o
                0x000000000800b650                epd_bitmap_Komp_1_00024
 .rodata.epd_bitmap_Komp_1_00025
                0x000000000800ba50      0x400 ./Drivers/OLED/ssd1306.o
                0x000000000800ba50                epd_bitmap_Komp_1_00025
 .rodata.epd_bitmap_Komp_1_00026
                0x000000000800be50      0x400 ./Drivers/OLED/ssd1306.o
                0x000000000800be50                epd_bitmap_Komp_1_00026
 .rodata.epd_bitmap_Komp_1_00027
                0x000000000800c250      0x400 ./Drivers/OLED/ssd1306.o
                0x000000000800c250                epd_bitmap_Komp_1_00027
 .rodata.epd_bitmap_Komp_1_00028
                0x000000000800c650      0x400 ./Drivers/OLED/ssd1306.o
                0x000000000800c650                epd_bitmap_Komp_1_00028
 .rodata.epd_bitmap_Komp_1_00029
                0x000000000800ca50      0x400 ./Drivers/OLED/ssd1306.o
                0x000000000800ca50                epd_bitmap_Komp_1_00029
 .rodata.Font7x10
                0x000000000800ce50      0x76c ./Drivers/OLED/ssd1306_fonts.o
 .rodata._svfprintf_r.str1.1
                0x000000000800d5bc       0x11 /Applications/STM32CubeIDE.app/Contents/Eclipse/plugins/com.st.stm32cube.ide.mcu.externaltools.gnu-tools-for-stm32.10.3-2021.10.macos64_1.0.0.202111181127/tools/bin/../lib/gcc/arm-none-eabi/10.3.1/../../../../arm-none-eabi/lib/thumb/v7e-m+fp/hard/libc_nano.a(lib_a-nano-svfprintf.o)
 .rodata._printf_i.str1.1
                0x000000000800d5cd       0x22 /Applications/STM32CubeIDE.app/Contents/Eclipse/plugins/com.st.stm32cube.ide.mcu.externaltools.gnu-tools-for-stm32.10.3-2021.10.macos64_1.0.0.202111181127/tools/bin/../lib/gcc/arm-none-eabi/10.3.1/../../../../arm-none-eabi/lib/thumb/v7e-m+fp/hard/libc_nano.a(lib_a-nano-vfprintf_i.o)
                0x000000000800d5f0                . = ALIGN (0x4)
 *fill*         0x000000000800d5ef        0x1 

.ARM.extab      0x000000000800d5f0        0x0
                0x000000000800d5f0                . = ALIGN (0x4)
 *(.ARM.extab* .gnu.linkonce.armextab.*)
                0x000000000800d5f0                . = ALIGN (0x4)

.ARM            0x000000000800d5f0        0x8
                0x000000000800d5f0                . = ALIGN (0x4)
                0x000000000800d5f0                __exidx_start = .
 *(.ARM.exidx*)
 .ARM.exidx     0x000000000800d5f0        0x8 /Applications/STM32CubeIDE.app/Contents/Eclipse/plugins/com.st.stm32cube.ide.mcu.externaltools.gnu-tools-for-stm32.10.3-2021.10.macos64_1.0.0.202111181127/tools/bin/../lib/gcc/arm-none-eabi/10.3.1/thumb/v7e-m+fp/hard/libgcc.a(_udivmoddi4.o)
                0x000000000800d5f8                __exidx_end = .
                0x000000000800d5f8                . = ALIGN (0x4)

.rel.dyn        0x000000000800d5f8        0x0
 .rel.iplt      0x000000000800d5f8        0x0 /Applications/STM32CubeIDE.app/Contents/Eclipse/plugins/com.st.stm32cube.ide.mcu.externaltools.gnu-tools-for-stm32.10.3-2021.10.macos64_1.0.0.202111181127/tools/bin/../lib/gcc/arm-none-eabi/10.3.1/thumb/v7e-m+fp/hard/crtbegin.o

.preinit_array  0x000000000800d5f8        0x0
                0x000000000800d5f8                . = ALIGN (0x4)
                0x000000000800d5f8                PROVIDE (__preinit_array_start = .)
 *(.preinit_array*)
                0x000000000800d5f8                PROVIDE (__preinit_array_end = .)
                0x000000000800d5f8                . = ALIGN (0x4)

.init_array     0x000000000800d5f8        0x4
                0x000000000800d5f8                . = ALIGN (0x4)
                0x000000000800d5f8                PROVIDE (__init_array_start = .)
 *(SORT_BY_NAME(.init_array.*))
 *(.init_array*)
 .init_array    0x000000000800d5f8        0x4 /Applications/STM32CubeIDE.app/Contents/Eclipse/plugins/com.st.stm32cube.ide.mcu.externaltools.gnu-tools-for-stm32.10.3-2021.10.macos64_1.0.0.202111181127/tools/bin/../lib/gcc/arm-none-eabi/10.3.1/thumb/v7e-m+fp/hard/crtbegin.o
                0x000000000800d5fc                PROVIDE (__init_array_end = .)
                0x000000000800d5fc                . = ALIGN (0x4)

.fini_array     0x000000000800d5fc        0x4
                0x000000000800d5fc                . = ALIGN (0x4)
                [!provide]                        PROVIDE (__fini_array_start = .)
 *(SORT_BY_NAME(.fini_array.*))
 *(.fini_array*)
 .fini_array    0x000000000800d5fc        0x4 /Applications/STM32CubeIDE.app/Contents/Eclipse/plugins/com.st.stm32cube.ide.mcu.externaltools.gnu-tools-for-stm32.10.3-2021.10.macos64_1.0.0.202111181127/tools/bin/../lib/gcc/arm-none-eabi/10.3.1/thumb/v7e-m+fp/hard/crtbegin.o
                [!provide]                        PROVIDE (__fini_array_end = .)
                0x000000000800d600                . = ALIGN (0x4)
                0x000000000800d600                _sidata = LOADADDR (.data)

.data           0x0000000020000000       0x84 load address 0x000000000800d600
                0x0000000020000000                . = ALIGN (0x4)
                0x0000000020000000                _sdata = .
 *(.data)
 *(.data*)
 .data.settings
                0x0000000020000000        0xc ./Core/Src/main.o
                0x0000000020000000                settings
 .data.SystemCoreClock
                0x000000002000000c        0x4 ./Core/Src/system_stm32f4xx.o
                0x000000002000000c                SystemCoreClock
 .data.Font_7x10
                0x0000000020000010        0x8 ./Drivers/OLED/ssd1306_fonts.o
                0x0000000020000010                Font_7x10
 .data.uwTickPrio
                0x0000000020000018        0x4 ./Drivers/STM32F4xx_HAL_Driver/Src/stm32f4xx_hal.o
                0x0000000020000018                uwTickPrio
 .data.uwTickFreq
                0x000000002000001c        0x1 ./Drivers/STM32F4xx_HAL_Driver/Src/stm32f4xx_hal.o
                0x000000002000001c                uwTickFreq
 *fill*         0x000000002000001d        0x3 
 .data._impure_ptr
                0x0000000020000020        0x4 /Applications/STM32CubeIDE.app/Contents/Eclipse/plugins/com.st.stm32cube.ide.mcu.externaltools.gnu-tools-for-stm32.10.3-2021.10.macos64_1.0.0.202111181127/tools/bin/../lib/gcc/arm-none-eabi/10.3.1/../../../../arm-none-eabi/lib/thumb/v7e-m+fp/hard/libc_nano.a(lib_a-impure.o)
                0x0000000020000020                _impure_ptr
 .data.impure_data
                0x0000000020000024       0x60 /Applications/STM32CubeIDE.app/Contents/Eclipse/plugins/com.st.stm32cube.ide.mcu.externaltools.gnu-tools-for-stm32.10.3-2021.10.macos64_1.0.0.202111181127/tools/bin/../lib/gcc/arm-none-eabi/10.3.1/../../../../arm-none-eabi/lib/thumb/v7e-m+fp/hard/libc_nano.a(lib_a-impure.o)
 *(.RamFunc)
 *(.RamFunc*)
                0x0000000020000084                . = ALIGN (0x4)
                0x0000000020000084                _edata = .

.igot.plt       0x0000000020000084        0x0 load address 0x000000000800d684
 .igot.plt      0x0000000020000084        0x0 /Applications/STM32CubeIDE.app/Contents/Eclipse/plugins/com.st.stm32cube.ide.mcu.externaltools.gnu-tools-for-stm32.10.3-2021.10.macos64_1.0.0.202111181127/tools/bin/../lib/gcc/arm-none-eabi/10.3.1/thumb/v7e-m+fp/hard/crtbegin.o
                0x0000000020000084                . = ALIGN (0x4)

.bss            0x0000000020000084      0x71c load address 0x000000000800d684
                0x0000000020000084                _sbss = .
                0x0000000020000084                __bss_start__ = _sbss
 *(.bss)
 .bss           0x0000000020000084       0x1c /Applications/STM32CubeIDE.app/Contents/Eclipse/plugins/com.st.stm32cube.ide.mcu.externaltools.gnu-tools-for-stm32.10.3-2021.10.macos64_1.0.0.202111181127/tools/bin/../lib/gcc/arm-none-eabi/10.3.1/thumb/v7e-m+fp/hard/crtbegin.o
 *(.bss*)
 .bss.active_sensor
                0x00000000200000a0        0x4 ./Core/Src/VL53L1X.o
                0x00000000200000a0                active_sensor
 .bss.sensor1   0x00000000200000a4       0x10 ./Core/Src/main.o
                0x00000000200000a4                sensor1
 .bss.sensor2   0x00000000200000b4       0x10 ./Core/Src/main.o
                0x00000000200000b4                sensor2
 .bss.hi2c3     0x00000000200000c4       0x54 ./Core/Src/main.o
                0x00000000200000c4                hi2c3
 .bss.hspi2     0x0000000020000118       0x58 ./Core/Src/main.o
                0x0000000020000118                hspi2
 .bss.htim10    0x0000000020000170       0x48 ./Core/Src/main.o
                0x0000000020000170                htim10
 .bss.huart2    0x00000000200001b8       0x44 ./Core/Src/main.o
                0x00000000200001b8                huart2
 .bss.huart6    0x00000000200001fc       0x44 ./Core/Src/main.o
                0x00000000200001fc                huart6
 .bss.rs232_1   0x0000000020000240       0x14 ./Core/Src/main.o
                0x0000000020000240                rs232_1
 .bss.rs232_2   0x0000000020000254       0x14 ./Core/Src/main.o
                0x0000000020000254                rs232_2
 .bss.temp_d    0x0000000020000268        0x2 ./Core/Src/main.o
                0x0000000020000268                temp_d
 .bss.timer_val
                0x000000002000026a        0x2 ./Core/Src/main.o
                0x000000002000026a                timer_val
 .bss.button_state
                0x000000002000026c        0x1 ./Core/Src/main.o
                0x000000002000026c                button_state
 .bss.prev_button_state
                0x000000002000026d        0x1 ./Core/Src/main.o
                0x000000002000026d                prev_button_state
 .bss.state     0x000000002000026e        0x1 ./Core/Src/main.o
                0x000000002000026e                state
 .bss.event     0x000000002000026f        0x1 ./Core/Src/main.o
                0x000000002000026f                event
 .bss.setting_index
                0x0000000020000270        0x4 ./Core/Src/main.o
                0x0000000020000270                setting_index
 .bss.settings_values
                0x0000000020000274        0xc ./Core/Src/main.o
                0x0000000020000274                settings_values
 .bss._I2CBuffer
                0x0000000020000280      0x100 ./Core/Src/vl53l1_platform.o
                0x0000000020000280                _I2CBuffer
 .bss.SSD1306_Buffer
                0x0000000020000380      0x400 ./Drivers/OLED/ssd1306.o
 .bss.SSD1306   0x0000000020000780        0x6 ./Drivers/OLED/ssd1306.o
 *fill*         0x0000000020000786        0x2 
 .bss.uwTick    0x0000000020000788        0x4 ./Drivers/STM32F4xx_HAL_Driver/Src/stm32f4xx_hal.o
                0x0000000020000788                uwTick
 .bss.__malloc_free_list
                0x000000002000078c        0x4 /Applications/STM32CubeIDE.app/Contents/Eclipse/plugins/com.st.stm32cube.ide.mcu.externaltools.gnu-tools-for-stm32.10.3-2021.10.macos64_1.0.0.202111181127/tools/bin/../lib/gcc/arm-none-eabi/10.3.1/../../../../arm-none-eabi/lib/thumb/v7e-m+fp/hard/libc_nano.a(lib_a-nano-mallocr.o)
                0x000000002000078c                __malloc_free_list
 .bss.__malloc_sbrk_start
                0x0000000020000790        0x4 /Applications/STM32CubeIDE.app/Contents/Eclipse/plugins/com.st.stm32cube.ide.mcu.externaltools.gnu-tools-for-stm32.10.3-2021.10.macos64_1.0.0.202111181127/tools/bin/../lib/gcc/arm-none-eabi/10.3.1/../../../../arm-none-eabi/lib/thumb/v7e-m+fp/hard/libc_nano.a(lib_a-nano-mallocr.o)
                0x0000000020000790                __malloc_sbrk_start
 .bss.errno     0x0000000020000794        0x4 /Applications/STM32CubeIDE.app/Contents/Eclipse/plugins/com.st.stm32cube.ide.mcu.externaltools.gnu-tools-for-stm32.10.3-2021.10.macos64_1.0.0.202111181127/tools/bin/../lib/gcc/arm-none-eabi/10.3.1/../../../../arm-none-eabi/lib/thumb/v7e-m+fp/hard/libc_nano.a(lib_a-reent.o)
                0x0000000020000794                errno
 .bss.__lock___malloc_recursive_mutex
                0x0000000020000798        0x1 /Applications/STM32CubeIDE.app/Contents/Eclipse/plugins/com.st.stm32cube.ide.mcu.externaltools.gnu-tools-for-stm32.10.3-2021.10.macos64_1.0.0.202111181127/tools/bin/../lib/gcc/arm-none-eabi/10.3.1/../../../../arm-none-eabi/lib/thumb/v7e-m+fp/hard/libc_nano.a(lib_a-lock.o)
                0x0000000020000798                __lock___malloc_recursive_mutex
 *fill*         0x0000000020000799        0x3 
 .bss.heap_end.0
                0x000000002000079c        0x4 /Applications/STM32CubeIDE.app/Contents/Eclipse/plugins/com.st.stm32cube.ide.mcu.externaltools.gnu-tools-for-stm32.10.3-2021.10.macos64_1.0.0.202111181127/tools/bin/../lib/gcc/arm-none-eabi/10.3.1/../../../../arm-none-eabi/lib/thumb/v7e-m+fp/hard/libnosys.a(sbrk.o)
 *(COMMON)
                0x00000000200007a0                . = ALIGN (0x4)
                0x00000000200007a0                _ebss = .
                0x00000000200007a0                __bss_end__ = _ebss

._user_heap_stack
                0x00000000200007a0      0x600 load address 0x000000000800d684
                0x00000000200007a0                . = ALIGN (0x8)
                0x00000000200007a0                PROVIDE (end = .)
                [!provide]                        PROVIDE (_end = .)
                0x00000000200009a0                . = (. + _Min_Heap_Size)
 *fill*         0x00000000200007a0      0x200 
                0x0000000020000da0                . = (. + _Min_Stack_Size)
 *fill*         0x00000000200009a0      0x400 
                0x0000000020000da0                . = ALIGN (0x8)

/DISCARD/
 libc.a(*)
 libm.a(*)
 libgcc.a(*)

.ARM.attributes
                0x0000000000000000       0x30
 *(.ARM.attributes)
 .ARM.attributes
                0x0000000000000000       0x1e /Applications/STM32CubeIDE.app/Contents/Eclipse/plugins/com.st.stm32cube.ide.mcu.externaltools.gnu-tools-for-stm32.10.3-2021.10.macos64_1.0.0.202111181127/tools/bin/../lib/gcc/arm-none-eabi/10.3.1/thumb/v7e-m+fp/hard/crti.o
 .ARM.attributes
                0x000000000000001e       0x34 /Applications/STM32CubeIDE.app/Contents/Eclipse/plugins/com.st.stm32cube.ide.mcu.externaltools.gnu-tools-for-stm32.10.3-2021.10.macos64_1.0.0.202111181127/tools/bin/../lib/gcc/arm-none-eabi/10.3.1/thumb/v7e-m+fp/hard/crtbegin.o
 .ARM.attributes
                0x0000000000000052       0x34 ./Core/Src/VL53L1X.o
 .ARM.attributes
                0x0000000000000086       0x34 ./Core/Src/VL53L1X_api.o
 .ARM.attributes
                0x00000000000000ba       0x34 ./Core/Src/main.o
 .ARM.attributes
                0x00000000000000ee       0x34 ./Core/Src/stm32f4xx_hal_msp.o
 .ARM.attributes
                0x0000000000000122       0x34 ./Core/Src/stm32f4xx_it.o
 .ARM.attributes
                0x0000000000000156       0x34 ./Core/Src/system_stm32f4xx.o
 .ARM.attributes
                0x000000000000018a       0x34 ./Core/Src/vl53l1_platform.o
 .ARM.attributes
                0x00000000000001be       0x21 ./Core/Startup/startup_stm32f401rctx.o
 .ARM.attributes
                0x00000000000001df       0x34 ./Drivers/OLED/ssd1306.o
 .ARM.attributes
                0x0000000000000213       0x34 ./Drivers/OLED/ssd1306_fonts.o
 .ARM.attributes
                0x0000000000000247       0x34 ./Drivers/STM32F4xx_HAL_Driver/Src/stm32f4xx_hal.o
 .ARM.attributes
                0x000000000000027b       0x34 ./Drivers/STM32F4xx_HAL_Driver/Src/stm32f4xx_hal_cortex.o
 .ARM.attributes
                0x00000000000002af       0x34 ./Drivers/STM32F4xx_HAL_Driver/Src/stm32f4xx_hal_gpio.o
 .ARM.attributes
                0x00000000000002e3       0x34 ./Drivers/STM32F4xx_HAL_Driver/Src/stm32f4xx_hal_i2c.o
 .ARM.attributes
                0x0000000000000317       0x34 ./Drivers/STM32F4xx_HAL_Driver/Src/stm32f4xx_hal_rcc.o
 .ARM.attributes
                0x000000000000034b       0x34 ./Drivers/STM32F4xx_HAL_Driver/Src/stm32f4xx_hal_spi.o
 .ARM.attributes
                0x000000000000037f       0x34 ./Drivers/STM32F4xx_HAL_Driver/Src/stm32f4xx_hal_tim.o
 .ARM.attributes
                0x00000000000003b3       0x34 ./Drivers/STM32F4xx_HAL_Driver/Src/stm32f4xx_hal_uart.o
 .ARM.attributes
                0x00000000000003e7       0x34 /Applications/STM32CubeIDE.app/Contents/Eclipse/plugins/com.st.stm32cube.ide.mcu.externaltools.gnu-tools-for-stm32.10.3-2021.10.macos64_1.0.0.202111181127/tools/bin/../lib/gcc/arm-none-eabi/10.3.1/../../../../arm-none-eabi/lib/thumb/v7e-m+fp/hard/libc_nano.a(lib_a-impure.o)
 .ARM.attributes
                0x000000000000041b       0x34 /Applications/STM32CubeIDE.app/Contents/Eclipse/plugins/com.st.stm32cube.ide.mcu.externaltools.gnu-tools-for-stm32.10.3-2021.10.macos64_1.0.0.202111181127/tools/bin/../lib/gcc/arm-none-eabi/10.3.1/../../../../arm-none-eabi/lib/thumb/v7e-m+fp/hard/libc_nano.a(lib_a-init.o)
 .ARM.attributes
                0x000000000000044f       0x34 /Applications/STM32CubeIDE.app/Contents/Eclipse/plugins/com.st.stm32cube.ide.mcu.externaltools.gnu-tools-for-stm32.10.3-2021.10.macos64_1.0.0.202111181127/tools/bin/../lib/gcc/arm-none-eabi/10.3.1/../../../../arm-none-eabi/lib/thumb/v7e-m+fp/hard/libc_nano.a(lib_a-memcpy-stub.o)
 .ARM.attributes
                0x0000000000000483       0x34 /Applications/STM32CubeIDE.app/Contents/Eclipse/plugins/com.st.stm32cube.ide.mcu.externaltools.gnu-tools-for-stm32.10.3-2021.10.macos64_1.0.0.202111181127/tools/bin/../lib/gcc/arm-none-eabi/10.3.1/../../../../arm-none-eabi/lib/thumb/v7e-m+fp/hard/libc_nano.a(lib_a-memset.o)
 .ARM.attributes
                0x00000000000004b7       0x34 /Applications/STM32CubeIDE.app/Contents/Eclipse/plugins/com.st.stm32cube.ide.mcu.externaltools.gnu-tools-for-stm32.10.3-2021.10.macos64_1.0.0.202111181127/tools/bin/../lib/gcc/arm-none-eabi/10.3.1/../../../../arm-none-eabi/lib/thumb/v7e-m+fp/hard/libc_nano.a(lib_a-sprintf.o)
 .ARM.attributes
                0x00000000000004eb       0x17 /Applications/STM32CubeIDE.app/Contents/Eclipse/plugins/com.st.stm32cube.ide.mcu.externaltools.gnu-tools-for-stm32.10.3-2021.10.macos64_1.0.0.202111181127/tools/bin/../lib/gcc/arm-none-eabi/10.3.1/../../../../arm-none-eabi/lib/thumb/v7e-m+fp/hard/libc_nano.a(lib_a-strlen.o)
 .ARM.attributes
                0x0000000000000502       0x34 /Applications/STM32CubeIDE.app/Contents/Eclipse/plugins/com.st.stm32cube.ide.mcu.externaltools.gnu-tools-for-stm32.10.3-2021.10.macos64_1.0.0.202111181127/tools/bin/../lib/gcc/arm-none-eabi/10.3.1/../../../../arm-none-eabi/lib/thumb/v7e-m+fp/hard/libc_nano.a(lib_a-nano-svfprintf.o)
 .ARM.attributes
                0x0000000000000536       0x34 /Applications/STM32CubeIDE.app/Contents/Eclipse/plugins/com.st.stm32cube.ide.mcu.externaltools.gnu-tools-for-stm32.10.3-2021.10.macos64_1.0.0.202111181127/tools/bin/../lib/gcc/arm-none-eabi/10.3.1/../../../../arm-none-eabi/lib/thumb/v7e-m+fp/hard/libc_nano.a(lib_a-nano-vfprintf_i.o)
 .ARM.attributes
                0x000000000000056a       0x1c /Applications/STM32CubeIDE.app/Contents/Eclipse/plugins/com.st.stm32cube.ide.mcu.externaltools.gnu-tools-for-stm32.10.3-2021.10.macos64_1.0.0.202111181127/tools/bin/../lib/gcc/arm-none-eabi/10.3.1/../../../../arm-none-eabi/lib/thumb/v7e-m+fp/hard/libc_nano.a(lib_a-memchr.o)
 .ARM.attributes
                0x0000000000000586       0x34 /Applications/STM32CubeIDE.app/Contents/Eclipse/plugins/com.st.stm32cube.ide.mcu.externaltools.gnu-tools-for-stm32.10.3-2021.10.macos64_1.0.0.202111181127/tools/bin/../lib/gcc/arm-none-eabi/10.3.1/../../../../arm-none-eabi/lib/thumb/v7e-m+fp/hard/libc_nano.a(lib_a-memmove.o)
 .ARM.attributes
                0x00000000000005ba       0x34 /Applications/STM32CubeIDE.app/Contents/Eclipse/plugins/com.st.stm32cube.ide.mcu.externaltools.gnu-tools-for-stm32.10.3-2021.10.macos64_1.0.0.202111181127/tools/bin/../lib/gcc/arm-none-eabi/10.3.1/../../../../arm-none-eabi/lib/thumb/v7e-m+fp/hard/libc_nano.a(lib_a-nano-freer.o)
 .ARM.attributes
                0x00000000000005ee       0x34 /Applications/STM32CubeIDE.app/Contents/Eclipse/plugins/com.st.stm32cube.ide.mcu.externaltools.gnu-tools-for-stm32.10.3-2021.10.macos64_1.0.0.202111181127/tools/bin/../lib/gcc/arm-none-eabi/10.3.1/../../../../arm-none-eabi/lib/thumb/v7e-m+fp/hard/libc_nano.a(lib_a-nano-mallocr.o)
 .ARM.attributes
                0x0000000000000622       0x34 /Applications/STM32CubeIDE.app/Contents/Eclipse/plugins/com.st.stm32cube.ide.mcu.externaltools.gnu-tools-for-stm32.10.3-2021.10.macos64_1.0.0.202111181127/tools/bin/../lib/gcc/arm-none-eabi/10.3.1/../../../../arm-none-eabi/lib/thumb/v7e-m+fp/hard/libc_nano.a(lib_a-nano-reallocr.o)
 .ARM.attributes
                0x0000000000000656       0x34 /Applications/STM32CubeIDE.app/Contents/Eclipse/plugins/com.st.stm32cube.ide.mcu.externaltools.gnu-tools-for-stm32.10.3-2021.10.macos64_1.0.0.202111181127/tools/bin/../lib/gcc/arm-none-eabi/10.3.1/../../../../arm-none-eabi/lib/thumb/v7e-m+fp/hard/libc_nano.a(lib_a-sbrkr.o)
 .ARM.attributes
                0x000000000000068a       0x34 /Applications/STM32CubeIDE.app/Contents/Eclipse/plugins/com.st.stm32cube.ide.mcu.externaltools.gnu-tools-for-stm32.10.3-2021.10.macos64_1.0.0.202111181127/tools/bin/../lib/gcc/arm-none-eabi/10.3.1/../../../../arm-none-eabi/lib/thumb/v7e-m+fp/hard/libc_nano.a(lib_a-mlock.o)
 .ARM.attributes
                0x00000000000006be       0x34 /Applications/STM32CubeIDE.app/Contents/Eclipse/plugins/com.st.stm32cube.ide.mcu.externaltools.gnu-tools-for-stm32.10.3-2021.10.macos64_1.0.0.202111181127/tools/bin/../lib/gcc/arm-none-eabi/10.3.1/../../../../arm-none-eabi/lib/thumb/v7e-m+fp/hard/libc_nano.a(lib_a-nano-msizer.o)
 .ARM.attributes
                0x00000000000006f2       0x34 /Applications/STM32CubeIDE.app/Contents/Eclipse/plugins/com.st.stm32cube.ide.mcu.externaltools.gnu-tools-for-stm32.10.3-2021.10.macos64_1.0.0.202111181127/tools/bin/../lib/gcc/arm-none-eabi/10.3.1/../../../../arm-none-eabi/lib/thumb/v7e-m+fp/hard/libc_nano.a(lib_a-reent.o)
 .ARM.attributes
                0x0000000000000726       0x34 /Applications/STM32CubeIDE.app/Contents/Eclipse/plugins/com.st.stm32cube.ide.mcu.externaltools.gnu-tools-for-stm32.10.3-2021.10.macos64_1.0.0.202111181127/tools/bin/../lib/gcc/arm-none-eabi/10.3.1/../../../../arm-none-eabi/lib/thumb/v7e-m+fp/hard/libc_nano.a(lib_a-lock.o)
 .ARM.attributes
                0x000000000000075a       0x1e /Applications/STM32CubeIDE.app/Contents/Eclipse/plugins/com.st.stm32cube.ide.mcu.externaltools.gnu-tools-for-stm32.10.3-2021.10.macos64_1.0.0.202111181127/tools/bin/../lib/gcc/arm-none-eabi/10.3.1/thumb/v7e-m+fp/hard/libgcc.a(_aeabi_uldivmod.o)
 .ARM.attributes
                0x0000000000000778       0x34 /Applications/STM32CubeIDE.app/Contents/Eclipse/plugins/com.st.stm32cube.ide.mcu.externaltools.gnu-tools-for-stm32.10.3-2021.10.macos64_1.0.0.202111181127/tools/bin/../lib/gcc/arm-none-eabi/10.3.1/thumb/v7e-m+fp/hard/libgcc.a(_udivmoddi4.o)
 .ARM.attributes
                0x00000000000007ac       0x1e /Applications/STM32CubeIDE.app/Contents/Eclipse/plugins/com.st.stm32cube.ide.mcu.externaltools.gnu-tools-for-stm32.10.3-2021.10.macos64_1.0.0.202111181127/tools/bin/../lib/gcc/arm-none-eabi/10.3.1/thumb/v7e-m+fp/hard/libgcc.a(_dvmd_tls.o)
 .ARM.attributes
                0x00000000000007ca       0x34 /Applications/STM32CubeIDE.app/Contents/Eclipse/plugins/com.st.stm32cube.ide.mcu.externaltools.gnu-tools-for-stm32.10.3-2021.10.macos64_1.0.0.202111181127/tools/bin/../lib/gcc/arm-none-eabi/10.3.1/../../../../arm-none-eabi/lib/thumb/v7e-m+fp/hard/libnosys.a(sbrk.o)
 .ARM.attributes
                0x00000000000007fe       0x1e /Applications/STM32CubeIDE.app/Contents/Eclipse/plugins/com.st.stm32cube.ide.mcu.externaltools.gnu-tools-for-stm32.10.3-2021.10.macos64_1.0.0.202111181127/tools/bin/../lib/gcc/arm-none-eabi/10.3.1/thumb/v7e-m+fp/hard/crtn.o
OUTPUT(CINEMETER.elf elf32-littlearm)
LOAD linker stubs
LOAD /Applications/STM32CubeIDE.app/Contents/Eclipse/plugins/com.st.stm32cube.ide.mcu.externaltools.gnu-tools-for-stm32.10.3-2021.10.macos64_1.0.0.202111181127/tools/bin/../lib/gcc/arm-none-eabi/10.3.1/../../../../arm-none-eabi/lib/thumb/v7e-m+fp/hard/libc.a
LOAD /Applications/STM32CubeIDE.app/Contents/Eclipse/plugins/com.st.stm32cube.ide.mcu.externaltools.gnu-tools-for-stm32.10.3-2021.10.macos64_1.0.0.202111181127/tools/bin/../lib/gcc/arm-none-eabi/10.3.1/../../../../arm-none-eabi/lib/thumb/v7e-m+fp/hard/libm.a
LOAD /Applications/STM32CubeIDE.app/Contents/Eclipse/plugins/com.st.stm32cube.ide.mcu.externaltools.gnu-tools-for-stm32.10.3-2021.10.macos64_1.0.0.202111181127/tools/bin/../lib/gcc/arm-none-eabi/10.3.1/thumb/v7e-m+fp/hard/libgcc.a

.debug_info     0x0000000000000000    0x13d65
 .debug_info    0x0000000000000000      0xa17 ./Core/Src/VL53L1X.o
 .debug_info    0x0000000000000a17     0x11bc ./Core/Src/VL53L1X_api.o
 .debug_info    0x0000000000001bd3     0x20aa ./Core/Src/main.o
 .debug_info    0x0000000000003c7d     0x1422 ./Core/Src/stm32f4xx_hal_msp.o
 .debug_info    0x000000000000509f      0x121 ./Core/Src/stm32f4xx_it.o
 .debug_info    0x00000000000051c0      0x54f ./Core/Src/system_stm32f4xx.o
 .debug_info    0x000000000000570f      0xc54 ./Core/Src/vl53l1_platform.o
 .debug_info    0x0000000000006363       0x22 ./Core/Startup/startup_stm32f401rctx.o
 .debug_info    0x0000000000006385     0x153c ./Drivers/OLED/ssd1306.o
 .debug_info    0x00000000000078c1      0x236 ./Drivers/OLED/ssd1306_fonts.o
 .debug_info    0x0000000000007af7      0x906 ./Drivers/STM32F4xx_HAL_Driver/Src/stm32f4xx_hal.o
 .debug_info    0x00000000000083fd      0xd85 ./Drivers/STM32F4xx_HAL_Driver/Src/stm32f4xx_hal_cortex.o
 .debug_info    0x0000000000009182      0x78e ./Drivers/STM32F4xx_HAL_Driver/Src/stm32f4xx_hal_gpio.o
 .debug_info    0x0000000000009910     0x260f ./Drivers/STM32F4xx_HAL_Driver/Src/stm32f4xx_hal_i2c.o
 .debug_info    0x000000000000bf1f      0x98c ./Drivers/STM32F4xx_HAL_Driver/Src/stm32f4xx_hal_rcc.o
 .debug_info    0x000000000000c8ab     0x1750 ./Drivers/STM32F4xx_HAL_Driver/Src/stm32f4xx_hal_spi.o
 .debug_info    0x000000000000dffb     0x2bb6 ./Drivers/STM32F4xx_HAL_Driver/Src/stm32f4xx_hal_tim.o
 .debug_info    0x0000000000010bb1     0x31b4 ./Drivers/STM32F4xx_HAL_Driver/Src/stm32f4xx_hal_uart.o

.debug_abbrev   0x0000000000000000     0x255e
 .debug_abbrev  0x0000000000000000      0x1f4 ./Core/Src/VL53L1X.o
 .debug_abbrev  0x00000000000001f4      0x191 ./Core/Src/VL53L1X_api.o
 .debug_abbrev  0x0000000000000385      0x3a5 ./Core/Src/main.o
 .debug_abbrev  0x000000000000072a      0x224 ./Core/Src/stm32f4xx_hal_msp.o
 .debug_abbrev  0x000000000000094e       0x74 ./Core/Src/stm32f4xx_it.o
 .debug_abbrev  0x00000000000009c2      0x116 ./Core/Src/system_stm32f4xx.o
 .debug_abbrev  0x0000000000000ad8      0x1e8 ./Core/Src/vl53l1_platform.o
 .debug_abbrev  0x0000000000000cc0       0x12 ./Core/Startup/startup_stm32f401rctx.o
 .debug_abbrev  0x0000000000000cd2      0x383 ./Drivers/OLED/ssd1306.o
 .debug_abbrev  0x0000000000001055       0xbe ./Drivers/OLED/ssd1306_fonts.o
 .debug_abbrev  0x0000000000001113      0x23e ./Drivers/STM32F4xx_HAL_Driver/Src/stm32f4xx_hal.o
 .debug_abbrev  0x0000000000001351      0x316 ./Drivers/STM32F4xx_HAL_Driver/Src/stm32f4xx_hal_cortex.o
 .debug_abbrev  0x0000000000001667      0x1c4 ./Drivers/STM32F4xx_HAL_Driver/Src/stm32f4xx_hal_gpio.o
 .debug_abbrev  0x000000000000182b      0x2a8 ./Drivers/STM32F4xx_HAL_Driver/Src/stm32f4xx_hal_i2c.o
 .debug_abbrev  0x0000000000001ad3      0x2aa ./Drivers/STM32F4xx_HAL_Driver/Src/stm32f4xx_hal_rcc.o
 .debug_abbrev  0x0000000000001d7d      0x26e ./Drivers/STM32F4xx_HAL_Driver/Src/stm32f4xx_hal_spi.o
 .debug_abbrev  0x0000000000001feb      0x26e ./Drivers/STM32F4xx_HAL_Driver/Src/stm32f4xx_hal_tim.o
 .debug_abbrev  0x0000000000002259      0x305 ./Drivers/STM32F4xx_HAL_Driver/Src/stm32f4xx_hal_uart.o

.debug_aranges  0x0000000000000000     0x1220
 .debug_aranges
                0x0000000000000000       0x58 ./Core/Src/VL53L1X.o
 .debug_aranges
                0x0000000000000058      0x168 ./Core/Src/VL53L1X_api.o
 .debug_aranges
                0x00000000000001c0       0xc0 ./Core/Src/main.o
 .debug_aranges
                0x0000000000000280       0x60 ./Core/Src/stm32f4xx_hal_msp.o
 .debug_aranges
                0x00000000000002e0       0x60 ./Core/Src/stm32f4xx_it.o
 .debug_aranges
                0x0000000000000340       0x28 ./Core/Src/system_stm32f4xx.o
 .debug_aranges
                0x0000000000000368       0x68 ./Core/Src/vl53l1_platform.o
 .debug_aranges
                0x00000000000003d0       0x28 ./Core/Startup/startup_stm32f401rctx.o
 .debug_aranges
                0x00000000000003f8       0xe8 ./Drivers/OLED/ssd1306.o
 .debug_aranges
                0x00000000000004e0       0x18 ./Drivers/OLED/ssd1306_fonts.o
 .debug_aranges
                0x00000000000004f8       0xf0 ./Drivers/STM32F4xx_HAL_Driver/Src/stm32f4xx_hal.o
 .debug_aranges
                0x00000000000005e8      0x118 ./Drivers/STM32F4xx_HAL_Driver/Src/stm32f4xx_hal_cortex.o
 .debug_aranges
                0x0000000000000700       0x58 ./Drivers/STM32F4xx_HAL_Driver/Src/stm32f4xx_hal_gpio.o
 .debug_aranges
                0x0000000000000758      0x2a0 ./Drivers/STM32F4xx_HAL_Driver/Src/stm32f4xx_hal_i2c.o
 .debug_aranges
                0x00000000000009f8       0x88 ./Drivers/STM32F4xx_HAL_Driver/Src/stm32f4xx_hal_rcc.o
 .debug_aranges
                0x0000000000000a80      0x1d0 ./Drivers/STM32F4xx_HAL_Driver/Src/stm32f4xx_hal_spi.o
 .debug_aranges
                0x0000000000000c50      0x3d0 ./Drivers/STM32F4xx_HAL_Driver/Src/stm32f4xx_hal_tim.o
 .debug_aranges
                0x0000000000001020      0x200 ./Drivers/STM32F4xx_HAL_Driver/Src/stm32f4xx_hal_uart.o

.debug_ranges   0x0000000000000000     0x1148
 .debug_ranges  0x0000000000000000       0x48 ./Core/Src/VL53L1X.o
 .debug_ranges  0x0000000000000048      0x158 ./Core/Src/VL53L1X_api.o
 .debug_ranges  0x00000000000001a0       0xb0 ./Core/Src/main.o
 .debug_ranges  0x0000000000000250       0x50 ./Core/Src/stm32f4xx_hal_msp.o
 .debug_ranges  0x00000000000002a0       0x50 ./Core/Src/stm32f4xx_it.o
 .debug_ranges  0x00000000000002f0       0x18 ./Core/Src/system_stm32f4xx.o
 .debug_ranges  0x0000000000000308       0x58 ./Core/Src/vl53l1_platform.o
 .debug_ranges  0x0000000000000360       0x20 ./Core/Startup/startup_stm32f401rctx.o
 .debug_ranges  0x0000000000000380       0xd8 ./Drivers/OLED/ssd1306.o
 .debug_ranges  0x0000000000000458       0xe0 ./Drivers/STM32F4xx_HAL_Driver/Src/stm32f4xx_hal.o
 .debug_ranges  0x0000000000000538      0x108 ./Drivers/STM32F4xx_HAL_Driver/Src/stm32f4xx_hal_cortex.o
 .debug_ranges  0x0000000000000640       0x48 ./Drivers/STM32F4xx_HAL_Driver/Src/stm32f4xx_hal_gpio.o
 .debug_ranges  0x0000000000000688      0x2a8 ./Drivers/STM32F4xx_HAL_Driver/Src/stm32f4xx_hal_i2c.o
 .debug_ranges  0x0000000000000930       0x78 ./Drivers/STM32F4xx_HAL_Driver/Src/stm32f4xx_hal_rcc.o
 .debug_ranges  0x00000000000009a8      0x1c0 ./Drivers/STM32F4xx_HAL_Driver/Src/stm32f4xx_hal_spi.o
 .debug_ranges  0x0000000000000b68      0x3c0 ./Drivers/STM32F4xx_HAL_Driver/Src/stm32f4xx_hal_tim.o
 .debug_ranges  0x0000000000000f28      0x220 ./Drivers/STM32F4xx_HAL_Driver/Src/stm32f4xx_hal_uart.o

.debug_macro    0x0000000000000000     0x32d9
 .debug_macro   0x0000000000000000      0x3e5 ./Core/Src/VL53L1X.o
 .debug_macro   0x00000000000003e5       0x16 ./Core/Src/VL53L1X.o
 .debug_macro   0x00000000000003fb       0x16 ./Core/Src/VL53L1X.o
 .debug_macro   0x0000000000000411       0x29 ./Core/Src/VL53L1X.o
 .debug_macro   0x000000000000043a      0x112 ./Core/Src/VL53L1X.o
 .debug_macro   0x000000000000054c      0x252 ./Core/Src/VL53L1X_api.o
 .debug_macro   0x000000000000079e      0x4b1 ./Core/Src/main.o
 .debug_macro   0x0000000000000c4f       0x88 ./Core/Src/main.o
 .debug_macro   0x0000000000000cd7       0x22 ./Core/Src/main.o
 .debug_macro   0x0000000000000cf9       0x4c ./Core/Src/main.o
 .debug_macro   0x0000000000000d45       0x10 ./Core/Src/main.o
 .debug_macro   0x0000000000000d55       0x34 ./Core/Src/main.o
 .debug_macro   0x0000000000000d89       0x16 ./Core/Src/main.o
 .debug_macro   0x0000000000000d9f       0x16 ./Core/Src/main.o
 .debug_macro   0x0000000000000db5      0x226 ./Core/Src/main.o
 .debug_macro   0x0000000000000fdb      0x200 ./Core/Src/stm32f4xx_hal_msp.o
 .debug_macro   0x00000000000011db      0x20a ./Core/Src/stm32f4xx_it.o
 .debug_macro   0x00000000000013e5      0x1f1 ./Core/Src/system_stm32f4xx.o
 .debug_macro   0x00000000000015d6      0x421 ./Core/Src/vl53l1_platform.o
 .debug_macro   0x00000000000019f7      0x126 ./Core/Src/vl53l1_platform.o
 .debug_macro   0x0000000000001b1d       0x16 ./Core/Src/vl53l1_platform.o
 .debug_macro   0x0000000000001b33       0x10 ./Core/Src/vl53l1_platform.o
 .debug_macro   0x0000000000001b43       0x41 ./Core/Src/vl53l1_platform.o
 .debug_macro   0x0000000000001b84      0x19b ./Core/Src/vl53l1_platform.o
 .debug_macro   0x0000000000001d1f       0x56 ./Core/Src/vl53l1_platform.o
 .debug_macro   0x0000000000001d75      0x325 ./Drivers/OLED/ssd1306.o
 .debug_macro   0x000000000000209a       0x4c ./Drivers/OLED/ssd1306.o
 .debug_macro   0x00000000000020e6       0x94 ./Drivers/OLED/ssd1306.o
 .debug_macro   0x000000000000217a       0x28 ./Drivers/OLED/ssd1306.o
 .debug_macro   0x00000000000021a2       0x57 ./Drivers/OLED/ssd1306.o
 .debug_macro   0x00000000000021f9       0x76 ./Drivers/OLED/ssd1306_fonts.o
 .debug_macro   0x000000000000226f      0x251 ./Drivers/STM32F4xx_HAL_Driver/Src/stm32f4xx_hal.o
 .debug_macro   0x00000000000024c0      0x1f1 ./Drivers/STM32F4xx_HAL_Driver/Src/stm32f4xx_hal_cortex.o
 .debug_macro   0x00000000000026b1      0x1f7 ./Drivers/STM32F4xx_HAL_Driver/Src/stm32f4xx_hal_gpio.o
 .debug_macro   0x00000000000028a8      0x238 ./Drivers/STM32F4xx_HAL_Driver/Src/stm32f4xx_hal_i2c.o
 .debug_macro   0x0000000000002ae0      0x215 ./Drivers/STM32F4xx_HAL_Driver/Src/stm32f4xx_hal_rcc.o
 .debug_macro   0x0000000000002cf5      0x200 ./Drivers/STM32F4xx_HAL_Driver/Src/stm32f4xx_hal_spi.o
 .debug_macro   0x0000000000002ef5      0x1f2 ./Drivers/STM32F4xx_HAL_Driver/Src/stm32f4xx_hal_tim.o
 .debug_macro   0x00000000000030e7      0x1f2 ./Drivers/STM32F4xx_HAL_Driver/Src/stm32f4xx_hal_uart.o

.debug_line     0x0000000000000000    0x1490f
 .debug_line    0x0000000000000000      0xadd ./Core/Src/VL53L1X.o
 .debug_line    0x0000000000000add      0xeb9 ./Core/Src/VL53L1X_api.o
 .debug_line    0x0000000000001996     0x1076 ./Core/Src/main.o
 .debug_line    0x0000000000002a0c      0x8a4 ./Core/Src/stm32f4xx_hal_msp.o
 .debug_line    0x00000000000032b0      0x7f2 ./Core/Src/stm32f4xx_it.o
 .debug_line    0x0000000000003aa2      0x7b1 ./Core/Src/system_stm32f4xx.o
 .debug_line    0x0000000000004253      0xbcd ./Core/Src/vl53l1_platform.o
 .debug_line    0x0000000000004e20       0x88 ./Core/Startup/startup_stm32f401rctx.o
 .debug_line    0x0000000000004ea8     0x10d7 ./Drivers/OLED/ssd1306.o
 .debug_line    0x0000000000005f7f      0x3c5 ./Drivers/OLED/ssd1306_fonts.o
 .debug_line    0x0000000000006344      0xa17 ./Drivers/STM32F4xx_HAL_Driver/Src/stm32f4xx_hal.o
 .debug_line    0x0000000000006d5b      0xcc6 ./Drivers/STM32F4xx_HAL_Driver/Src/stm32f4xx_hal_cortex.o
 .debug_line    0x0000000000007a21      0xb4f ./Drivers/STM32F4xx_HAL_Driver/Src/stm32f4xx_hal_gpio.o
 .debug_line    0x0000000000008570     0x39cc ./Drivers/STM32F4xx_HAL_Driver/Src/stm32f4xx_hal_i2c.o
 .debug_line    0x000000000000bf3c      0xd91 ./Drivers/STM32F4xx_HAL_Driver/Src/stm32f4xx_hal_rcc.o
 .debug_line    0x000000000000cccd     0x1ca1 ./Drivers/STM32F4xx_HAL_Driver/Src/stm32f4xx_hal_spi.o
 .debug_line    0x000000000000e96e     0x34e5 ./Drivers/STM32F4xx_HAL_Driver/Src/stm32f4xx_hal_tim.o
 .debug_line    0x0000000000011e53     0x2abc ./Drivers/STM32F4xx_HAL_Driver/Src/stm32f4xx_hal_uart.o

.debug_str      0x0000000000000000    0x94691
 .debug_str     0x0000000000000000    0x8d539 ./Core/Src/VL53L1X.o
                                      0x8d84a (size before relaxing)
 .debug_str     0x000000000008d539      0x5c8 ./Core/Src/VL53L1X_api.o
                                       0x8c05 (size before relaxing)
 .debug_str     0x000000000008db01     0x1aa9 ./Core/Src/main.o
                                      0x8ebc3 (size before relaxing)
 .debug_str     0x000000000008f5aa       0xe5 ./Core/Src/stm32f4xx_hal_msp.o
                                      0x89af5 (size before relaxing)
 .debug_str     0x000000000008f68f       0xc9 ./Core/Src/stm32f4xx_it.o
                                      0x88e19 (size before relaxing)
 .debug_str     0x000000000008f758       0xdb ./Core/Src/system_stm32f4xx.o
                                      0x88d49 (size before relaxing)
 .debug_str     0x000000000008f833     0x1367 ./Core/Src/vl53l1_platform.o
                                      0x8e5f8 (size before relaxing)
 .debug_str     0x0000000000090b9a       0x36 ./Core/Startup/startup_stm32f401rctx.o
                                         0x7f (size before relaxing)
 .debug_str     0x0000000000090bd0      0x648 ./Drivers/OLED/ssd1306.o
                                      0x8d160 (size before relaxing)
 .debug_str     0x0000000000091218       0x63 ./Drivers/OLED/ssd1306_fonts.o
                                       0x3dd8 (size before relaxing)
 .debug_str     0x000000000009127b      0x998 ./Drivers/STM32F4xx_HAL_Driver/Src/stm32f4xx_hal.o
                                      0x8976b (size before relaxing)
 .debug_str     0x0000000000091c13      0x34a ./Drivers/STM32F4xx_HAL_Driver/Src/stm32f4xx_hal_cortex.o
                                      0x8948c (size before relaxing)
 .debug_str     0x0000000000091f5d       0xeb ./Drivers/STM32F4xx_HAL_Driver/Src/stm32f4xx_hal_gpio.o
                                      0x88ec4 (size before relaxing)
 .debug_str     0x0000000000092048      0xabe ./Drivers/STM32F4xx_HAL_Driver/Src/stm32f4xx_hal_i2c.o
                                      0x89d07 (size before relaxing)
 .debug_str     0x0000000000092b06      0x208 ./Drivers/STM32F4xx_HAL_Driver/Src/stm32f4xx_hal_rcc.o
                                      0x8917d (size before relaxing)
 .debug_str     0x0000000000092d0e      0x560 ./Drivers/STM32F4xx_HAL_Driver/Src/stm32f4xx_hal_spi.o
                                      0x895fb (size before relaxing)
 .debug_str     0x000000000009326e      0xe58 ./Drivers/STM32F4xx_HAL_Driver/Src/stm32f4xx_hal_tim.o
                                      0x8a0b1 (size before relaxing)
 .debug_str     0x00000000000940c6      0x5cb ./Drivers/STM32F4xx_HAL_Driver/Src/stm32f4xx_hal_uart.o
                                      0x8970a (size before relaxing)

.comment        0x0000000000000000       0x50
 .comment       0x0000000000000000       0x50 ./Core/Src/VL53L1X.o
                                         0x51 (size before relaxing)
 .comment       0x0000000000000050       0x51 ./Core/Src/VL53L1X_api.o
 .comment       0x0000000000000050       0x51 ./Core/Src/main.o
 .comment       0x0000000000000050       0x51 ./Core/Src/stm32f4xx_hal_msp.o
 .comment       0x0000000000000050       0x51 ./Core/Src/stm32f4xx_it.o
 .comment       0x0000000000000050       0x51 ./Core/Src/system_stm32f4xx.o
 .comment       0x0000000000000050       0x51 ./Core/Src/vl53l1_platform.o
 .comment       0x0000000000000050       0x51 ./Drivers/OLED/ssd1306.o
 .comment       0x0000000000000050       0x51 ./Drivers/OLED/ssd1306_fonts.o
 .comment       0x0000000000000050       0x51 ./Drivers/STM32F4xx_HAL_Driver/Src/stm32f4xx_hal.o
 .comment       0x0000000000000050       0x51 ./Drivers/STM32F4xx_HAL_Driver/Src/stm32f4xx_hal_cortex.o
 .comment       0x0000000000000050       0x51 ./Drivers/STM32F4xx_HAL_Driver/Src/stm32f4xx_hal_gpio.o
 .comment       0x0000000000000050       0x51 ./Drivers/STM32F4xx_HAL_Driver/Src/stm32f4xx_hal_i2c.o
 .comment       0x0000000000000050       0x51 ./Drivers/STM32F4xx_HAL_Driver/Src/stm32f4xx_hal_rcc.o
 .comment       0x0000000000000050       0x51 ./Drivers/STM32F4xx_HAL_Driver/Src/stm32f4xx_hal_spi.o
 .comment       0x0000000000000050       0x51 ./Drivers/STM32F4xx_HAL_Driver/Src/stm32f4xx_hal_tim.o
 .comment       0x0000000000000050       0x51 ./Drivers/STM32F4xx_HAL_Driver/Src/stm32f4xx_hal_uart.o

.debug_frame    0x0000000000000000     0x5174
 .debug_frame   0x0000000000000000      0x134 ./Core/Src/VL53L1X.o
 .debug_frame   0x0000000000000134      0x610 ./Core/Src/VL53L1X_api.o
 .debug_frame   0x0000000000000744      0x2a4 ./Core/Src/main.o
 .debug_frame   0x00000000000009e8      0x160 ./Core/Src/stm32f4xx_hal_msp.o
 .debug_frame   0x0000000000000b48      0x104 ./Core/Src/stm32f4xx_it.o
 .debug_frame   0x0000000000000c4c       0x58 ./Core/Src/system_stm32f4xx.o
 .debug_frame   0x0000000000000ca4      0x178 ./Core/Src/vl53l1_platform.o
 .debug_frame   0x0000000000000e1c      0x3e4 ./Drivers/OLED/ssd1306.o
 .debug_frame   0x0000000000001200      0x374 ./Drivers/STM32F4xx_HAL_Driver/Src/stm32f4xx_hal.o
 .debug_frame   0x0000000000001574      0x498 ./Drivers/STM32F4xx_HAL_Driver/Src/stm32f4xx_hal_cortex.o
 .debug_frame   0x0000000000001a0c      0x14c ./Drivers/STM32F4xx_HAL_Driver/Src/stm32f4xx_hal_gpio.o
 .debug_frame   0x0000000000001b58      0xc5c ./Drivers/STM32F4xx_HAL_Driver/Src/stm32f4xx_hal_i2c.o
 .debug_frame   0x00000000000027b4      0x1f4 ./Drivers/STM32F4xx_HAL_Driver/Src/stm32f4xx_hal_rcc.o
 .debug_frame   0x00000000000029a8      0x824 ./Drivers/STM32F4xx_HAL_Driver/Src/stm32f4xx_hal_spi.o
 .debug_frame   0x00000000000031cc     0x11bc ./Drivers/STM32F4xx_HAL_Driver/Src/stm32f4xx_hal_tim.o
 .debug_frame   0x0000000000004388      0x92c ./Drivers/STM32F4xx_HAL_Driver/Src/stm32f4xx_hal_uart.o
 .debug_frame   0x0000000000004cb4       0x2c /Applications/STM32CubeIDE.app/Contents/Eclipse/plugins/com.st.stm32cube.ide.mcu.externaltools.gnu-tools-for-stm32.10.3-2021.10.macos64_1.0.0.202111181127/tools/bin/../lib/gcc/arm-none-eabi/10.3.1/../../../../arm-none-eabi/lib/thumb/v7e-m+fp/hard/libc_nano.a(lib_a-init.o)
 .debug_frame   0x0000000000004ce0       0x28 /Applications/STM32CubeIDE.app/Contents/Eclipse/plugins/com.st.stm32cube.ide.mcu.externaltools.gnu-tools-for-stm32.10.3-2021.10.macos64_1.0.0.202111181127/tools/bin/../lib/gcc/arm-none-eabi/10.3.1/../../../../arm-none-eabi/lib/thumb/v7e-m+fp/hard/libc_nano.a(lib_a-memcpy-stub.o)
 .debug_frame   0x0000000000004d08       0x20 /Applications/STM32CubeIDE.app/Contents/Eclipse/plugins/com.st.stm32cube.ide.mcu.externaltools.gnu-tools-for-stm32.10.3-2021.10.macos64_1.0.0.202111181127/tools/bin/../lib/gcc/arm-none-eabi/10.3.1/../../../../arm-none-eabi/lib/thumb/v7e-m+fp/hard/libc_nano.a(lib_a-memset.o)
 .debug_frame   0x0000000000004d28       0x6c /Applications/STM32CubeIDE.app/Contents/Eclipse/plugins/com.st.stm32cube.ide.mcu.externaltools.gnu-tools-for-stm32.10.3-2021.10.macos64_1.0.0.202111181127/tools/bin/../lib/gcc/arm-none-eabi/10.3.1/../../../../arm-none-eabi/lib/thumb/v7e-m+fp/hard/libc_nano.a(lib_a-sprintf.o)
 .debug_frame   0x0000000000004d94       0x90 /Applications/STM32CubeIDE.app/Contents/Eclipse/plugins/com.st.stm32cube.ide.mcu.externaltools.gnu-tools-for-stm32.10.3-2021.10.macos64_1.0.0.202111181127/tools/bin/../lib/gcc/arm-none-eabi/10.3.1/../../../../arm-none-eabi/lib/thumb/v7e-m+fp/hard/libc_nano.a(lib_a-nano-svfprintf.o)
 .debug_frame   0x0000000000004e24       0x60 /Applications/STM32CubeIDE.app/Contents/Eclipse/plugins/com.st.stm32cube.ide.mcu.externaltools.gnu-tools-for-stm32.10.3-2021.10.macos64_1.0.0.202111181127/tools/bin/../lib/gcc/arm-none-eabi/10.3.1/../../../../arm-none-eabi/lib/thumb/v7e-m+fp/hard/libc_nano.a(lib_a-nano-vfprintf_i.o)
 .debug_frame   0x0000000000004e84       0x28 /Applications/STM32CubeIDE.app/Contents/Eclipse/plugins/com.st.stm32cube.ide.mcu.externaltools.gnu-tools-for-stm32.10.3-2021.10.macos64_1.0.0.202111181127/tools/bin/../lib/gcc/arm-none-eabi/10.3.1/../../../../arm-none-eabi/lib/thumb/v7e-m+fp/hard/libc_nano.a(lib_a-memmove.o)
 .debug_frame   0x0000000000004eac       0x38 /Applications/STM32CubeIDE.app/Contents/Eclipse/plugins/com.st.stm32cube.ide.mcu.externaltools.gnu-tools-for-stm32.10.3-2021.10.macos64_1.0.0.202111181127/tools/bin/../lib/gcc/arm-none-eabi/10.3.1/../../../../arm-none-eabi/lib/thumb/v7e-m+fp/hard/libc_nano.a(lib_a-nano-freer.o)
 .debug_frame   0x0000000000004ee4       0x4c /Applications/STM32CubeIDE.app/Contents/Eclipse/plugins/com.st.stm32cube.ide.mcu.externaltools.gnu-tools-for-stm32.10.3-2021.10.macos64_1.0.0.202111181127/tools/bin/../lib/gcc/arm-none-eabi/10.3.1/../../../../arm-none-eabi/lib/thumb/v7e-m+fp/hard/libc_nano.a(lib_a-nano-mallocr.o)
 .debug_frame   0x0000000000004f30       0x3c /Applications/STM32CubeIDE.app/Contents/Eclipse/plugins/com.st.stm32cube.ide.mcu.externaltools.gnu-tools-for-stm32.10.3-2021.10.macos64_1.0.0.202111181127/tools/bin/../lib/gcc/arm-none-eabi/10.3.1/../../../../arm-none-eabi/lib/thumb/v7e-m+fp/hard/libc_nano.a(lib_a-nano-reallocr.o)
 .debug_frame   0x0000000000004f6c       0x2c /Applications/STM32CubeIDE.app/Contents/Eclipse/plugins/com.st.stm32cube.ide.mcu.externaltools.gnu-tools-for-stm32.10.3-2021.10.macos64_1.0.0.202111181127/tools/bin/../lib/gcc/arm-none-eabi/10.3.1/../../../../arm-none-eabi/lib/thumb/v7e-m+fp/hard/libc_nano.a(lib_a-sbrkr.o)
 .debug_frame   0x0000000000004f98       0x30 /Applications/STM32CubeIDE.app/Contents/Eclipse/plugins/com.st.stm32cube.ide.mcu.externaltools.gnu-tools-for-stm32.10.3-2021.10.macos64_1.0.0.202111181127/tools/bin/../lib/gcc/arm-none-eabi/10.3.1/../../../../arm-none-eabi/lib/thumb/v7e-m+fp/hard/libc_nano.a(lib_a-mlock.o)
 .debug_frame   0x0000000000004fc8       0x20 /Applications/STM32CubeIDE.app/Contents/Eclipse/plugins/com.st.stm32cube.ide.mcu.externaltools.gnu-tools-for-stm32.10.3-2021.10.macos64_1.0.0.202111181127/tools/bin/../lib/gcc/arm-none-eabi/10.3.1/../../../../arm-none-eabi/lib/thumb/v7e-m+fp/hard/libc_nano.a(lib_a-nano-msizer.o)
 .debug_frame   0x0000000000004fe8       0x5c /Applications/STM32CubeIDE.app/Contents/Eclipse/plugins/com.st.stm32cube.ide.mcu.externaltools.gnu-tools-for-stm32.10.3-2021.10.macos64_1.0.0.202111181127/tools/bin/../lib/gcc/arm-none-eabi/10.3.1/../../../../arm-none-eabi/lib/thumb/v7e-m+fp/hard/libc_nano.a(lib_a-reent.o)
 .debug_frame   0x0000000000005044       0xb0 /Applications/STM32CubeIDE.app/Contents/Eclipse/plugins/com.st.stm32cube.ide.mcu.externaltools.gnu-tools-for-stm32.10.3-2021.10.macos64_1.0.0.202111181127/tools/bin/../lib/gcc/arm-none-eabi/10.3.1/../../../../arm-none-eabi/lib/thumb/v7e-m+fp/hard/libc_nano.a(lib_a-lock.o)
 .debug_frame   0x00000000000050f4       0x2c /Applications/STM32CubeIDE.app/Contents/Eclipse/plugins/com.st.stm32cube.ide.mcu.externaltools.gnu-tools-for-stm32.10.3-2021.10.macos64_1.0.0.202111181127/tools/bin/../lib/gcc/arm-none-eabi/10.3.1/thumb/v7e-m+fp/hard/libgcc.a(_aeabi_uldivmod.o)
 .debug_frame   0x0000000000005120       0x34 /Applications/STM32CubeIDE.app/Contents/Eclipse/plugins/com.st.stm32cube.ide.mcu.externaltools.gnu-tools-for-stm32.10.3-2021.10.macos64_1.0.0.202111181127/tools/bin/../lib/gcc/arm-none-eabi/10.3.1/thumb/v7e-m+fp/hard/libgcc.a(_udivmoddi4.o)
 .debug_frame   0x0000000000005154       0x20 /Applications/STM32CubeIDE.app/Contents/Eclipse/plugins/com.st.stm32cube.ide.mcu.externaltools.gnu-tools-for-stm32.10.3-2021.10.macos64_1.0.0.202111181127/tools/bin/../lib/gcc/arm-none-eabi/10.3.1/../../../../arm-none-eabi/lib/thumb/v7e-m+fp/hard/libnosys.a(sbrk.o)
