../Core/Src/main.c:200:6:handle_button	8	static
../Core/Src/main.c:228:6:update_display	24	static
../Core/Src/main.c:250:6:HAL_GPIO_EXTI_Callback	16	static
../Core/Src/main.c:281:10:read_distance	40	static
../Core/Src/main.c:353:6:show_Display	8	static
../Core/Src/main.c:387:6:process_distance	16	static
../Core/Src/main.c:395:6:RS232	8	static
../Core/Src/main.c:414:6:modifyOffset	16	static
../Core/Src/main.c:437:6:laser	16	static
../Core/Src/main.c:445:6:read_laser	8	static
../Core/Src/main.c:459:6:TransmitData	8	static
../Core/Src/main.c:474:5:main	24	static
../Core/Src/main.c:596:6:SystemClock_Config	88	static
../Core/Src/main.c:643:13:MX_I2C3_Init	8	static
../Core/Src/main.c:677:13:MX_SPI2_Init	8	static
../Core/Src/main.c:715:13:MX_TIM10_Init	8	static
../Core/Src/main.c:746:13:MX_USART2_UART_Init	8	static
../Core/Src/main.c:779:13:MX_USART6_UART_Init	8	static
../Core/Src/main.c:812:13:MX_GPIO_Init	40	static
../Core/Src/main.c:898:1:__io_putchar	16	static
../Core/Src/main.c:912:6:Error_Handler	4	static,ignoring_inline_asm
